<html>
<body>
<pre>
<h1>µVision Build Log</h1>
<h2>Tool Versions:</h2>
IDE-Version: ¶ÃVision V5.28.0.0
Copyright (C) 2019 ARM Ltd and ARM Germany GmbH. All rights reserved.
License Information: 111 asus, 111, LIC=R4HEV-PTXHA-JLQCC-7ZFBV-ZAPN0-6LDNQ
 
Tool Versions:
Toolchain:       MDK-ARM Professional  Version: 5.28.0.0
Toolchain Path:  D:\keil5\ARM\ARMCC\Bin
C Compiler:      Armcc.exe V5.06 update 6 (build 750)
Assembler:       Armasm.exe V5.06 update 6 (build 750)
Linker/Locator:  ArmLink.exe V5.06 update 6 (build 750)
Library Manager: ArmAr.exe V5.06 update 6 (build 750)
Hex Converter:   FromElf.exe V5.06 update 6 (build 750)
CPU DLL:         SARMCM3.DLL V5.28.0.0
Dialog DLL:      DCM.DLL V1.17.3.0
Target DLL:      Segger\JL2CM3.dll V2.99.36.0
Dialog DLL:      TCM.DLL V1.36.2.0
 
<h2>Project:</h2>
C:\Users\asus\Desktop\≤¶≈ÃπÊ∑∂\USER\Template.uvprojx
Project File Date:  10/12/2019

<h2>Output:</h2>
*** Using Compiler 'V5.06 update 6 (build 750)', folder: 'D:\keil5\ARM\ARMCC\Bin'
Build target 'Template'
compiling stm32f4xx_crc.c...
compiling main.c...
compiling stm32f4xx_it.c...
compiling system_stm32f4xx.c...
compiling stm32f4xx_can.c...
compiling stm32f4xx_adc.c...
compiling misc.c...
compiling stm32f4xx_dbgmcu.c...
compiling stm32f4xx_cryp_tdes.c...
compiling stm32f4xx_dcmi.c...
compiling stm32f4xx_dac.c...
compiling stm32f4xx_cryp_des.c...
compiling stm32f4xx_cryp.c...
compiling stm32f4xx_cryp_aes.c...
compiling stm32f4xx_exti.c...
compiling stm32f4xx_dma.c...
compiling stm32f4xx_flash_ramfunc.c...
compiling stm32f4xx_fsmc.c...
compiling stm32f4xx_gpio.c...
compiling stm32f4xx_dma2d.c...
compiling stm32f4xx_flash.c...
compiling stm32f4xx_hash_sha1.c...
compiling stm32f4xx_i2c.c...
compiling stm32f4xx_hash_md5.c...
compiling stm32f4xx_hash.c...
compiling stm32f4xx_pwr.c...
compiling stm32f4xx_iwdg.c...
compiling stm32f4xx_ltdc.c...
compiling stm32f4xx_spi.c...
compiling stm32f4xx_syscfg.c...
compiling stm32f4xx_rng.c...
compiling stm32f4xx_sai.c...
compiling stm32f4xx_rcc.c...
compiling stm32f4xx_sdio.c...
compiling stm32f4xx_rtc.c...
compiling stm32f4xx_wwdg.c...
compiling stm32f4xx_usart.c...
compiling frictionwheel.c...
compiling CRC_algorithm.c...
compiling pid.c...
compiling can.c...
compiling stm32f4xx_tim.c...
compiling tim4.c...
compiling trigger.c...
compiling ZeroCheck.c...
compiling putt.c...
compiling usart.c...
linking...
Program Size: Code=21082 RO-data=1194 RW-data=208 ZI-data=2056  
FromELF: creating hex file...
"..\OBJ\HUST-RM.axf" - 0 Error(s), 0 Warning(s).

<h2>Software Packages used:</h2>

Package Vendor: Keil
                http://www.keil.com/pack/Keil.STM32F4xx_DFP.2.13.0.pack
                Keil.STM32F4xx_DFP.2.13.0
                STMicroelectronics STM32F4 Series Device Support, Drivers and Examples

<h2>Collection of Component include folders:</h2>
  .\RTE\_Template
  D:\keil5\ARM\PACK\STM32F4xx_DFP\2.13.0\Drivers\CMSIS\Device\ST\STM32F4xx\Include

<h2>Collection of Component Files used:</h2>
Build Time Elapsed:  00:00:22
</pre>
</body>
</html>
