Component: ARM Compiler 5.06 update 6 (build 750) Tool: armlink [4d35ed]

==============================================================================

Section Cross References

    main.o(.text) refers to frictionwheel.o(.text) for FrictionWheel_Set
    main.o(.text) refers to trigger.o(.text) for Trigger_Init
    main.o(.text) refers to can.o(.text) for CAN_Config
    main.o(.text) refers to usart.o(.text) for USART_Config
    main.o(.text) refers to tim4.o(.text) for TIM4_Config
    main.o(.text) refers to putt.o(.text) for Putt_Init
    main.o(.text) refers to stm32f4xx_rcc.o(.text) for RCC_GetClocksFreq
    main.o(.text) refers to frictionwheel.o(.data) for SF_current
    main.o(.text) refers to main.o(.bss) for rcc
    system_stm32f4xx.o(.text) refers to system_stm32f4xx.o(.data) for SystemCoreClock
    startup_stm32f40_41xxx.o(RESET) refers to startup_stm32f40_41xxx.o(STACK) for __initial_sp
    startup_stm32f40_41xxx.o(RESET) refers to startup_stm32f40_41xxx.o(.text) for Reset_Handler
    startup_stm32f40_41xxx.o(RESET) refers to stm32f4xx_it.o(.text) for NMI_Handler
    startup_stm32f40_41xxx.o(RESET) refers to main.o(.text) for SysTick_Handler
    startup_stm32f40_41xxx.o(RESET) refers to can.o(.text) for CAN1_RX0_IRQHandler
    startup_stm32f40_41xxx.o(RESET) refers to tim4.o(.text) for TIM4_IRQHandler
    startup_stm32f40_41xxx.o(RESET) refers to usart.o(.text) for USART1_IRQHandler
    startup_stm32f40_41xxx.o(RESET) refers to frictionwheel.o(.text) for DMA2_Stream1_IRQHandler
    startup_stm32f40_41xxx.o(.text) refers to system_stm32f4xx.o(.text) for SystemInit
    startup_stm32f40_41xxx.o(.text) refers to entry.o(.ARM.Collect$$$$00000000) for __main
    stm32f4xx_adc.o(.text) refers to stm32f4xx_rcc.o(.text) for RCC_APB2PeriphResetCmd
    stm32f4xx_can.o(.text) refers to stm32f4xx_rcc.o(.text) for RCC_APB1PeriphResetCmd
    stm32f4xx_cryp.o(.text) refers to stm32f4xx_rcc.o(.text) for RCC_AHB2PeriphResetCmd
    stm32f4xx_cryp_aes.o(.text) refers to stm32f4xx_cryp.o(.text) for CRYP_KeyStructInit
    stm32f4xx_cryp_des.o(.text) refers to stm32f4xx_cryp.o(.text) for CRYP_KeyStructInit
    stm32f4xx_cryp_tdes.o(.text) refers to stm32f4xx_cryp.o(.text) for CRYP_KeyStructInit
    stm32f4xx_dac.o(.text) refers to stm32f4xx_rcc.o(.text) for RCC_APB1PeriphResetCmd
    stm32f4xx_dma2d.o(.text) refers to stm32f4xx_rcc.o(.text) for RCC_AHB1PeriphResetCmd
    stm32f4xx_fsmc.o(.text) refers to stm32f4xx_fsmc.o(.constdata) for FSMC_DefaultTimingStruct
    stm32f4xx_gpio.o(.text) refers to stm32f4xx_rcc.o(.text) for RCC_AHB1PeriphResetCmd
    stm32f4xx_hash.o(.text) refers to stm32f4xx_rcc.o(.text) for RCC_AHB2PeriphResetCmd
    stm32f4xx_hash_md5.o(.text) refers to stm32f4xx_hash.o(.text) for HASH_DeInit
    stm32f4xx_hash_sha1.o(.text) refers to stm32f4xx_hash.o(.text) for HASH_DeInit
    stm32f4xx_i2c.o(.text) refers to stm32f4xx_rcc.o(.text) for RCC_APB1PeriphResetCmd
    stm32f4xx_ltdc.o(.text) refers to stm32f4xx_rcc.o(.text) for RCC_APB2PeriphResetCmd
    stm32f4xx_pwr.o(.text) refers to stm32f4xx_rcc.o(.text) for RCC_APB1PeriphResetCmd
    stm32f4xx_rcc.o(.text) refers to stm32f4xx_rcc.o(.data) for APBAHBPrescTable
    stm32f4xx_rng.o(.text) refers to stm32f4xx_rcc.o(.text) for RCC_AHB2PeriphResetCmd
    stm32f4xx_sai.o(.text) refers to stm32f4xx_rcc.o(.text) for RCC_APB2PeriphResetCmd
    stm32f4xx_sdio.o(.text) refers to stm32f4xx_rcc.o(.text) for RCC_APB2PeriphResetCmd
    stm32f4xx_spi.o(.text) refers to stm32f4xx_rcc.o(.text) for RCC_APB2PeriphResetCmd
    stm32f4xx_syscfg.o(.text) refers to stm32f4xx_rcc.o(.text) for RCC_APB2PeriphResetCmd
    stm32f4xx_tim.o(.text) refers to stm32f4xx_rcc.o(.text) for RCC_APB2PeriphResetCmd
    stm32f4xx_usart.o(.text) refers to stm32f4xx_rcc.o(.text) for RCC_APB2PeriphResetCmd
    stm32f4xx_wwdg.o(.text) refers to stm32f4xx_rcc.o(.text) for RCC_APB1PeriphResetCmd
    can.o(.text) refers to stm32f4xx_rcc.o(.text) for RCC_AHB1PeriphClockCmd
    can.o(.text) refers to stm32f4xx_gpio.o(.text) for GPIO_PinAFConfig
    can.o(.text) refers to misc.o(.text) for NVIC_Init
    can.o(.text) refers to stm32f4xx_can.o(.text) for CAN_DeInit
    can.o(.text) refers to frictionwheel.o(.bss) for BigFrict
    can.o(.text) refers to trigger.o(.bss) for Trigger
    crc_algorithm.o(.text) refers to crc_algorithm.o(.constdata) for wCRC_Table
    crc_algorithm.o(.text) refers to crc_algorithm.o(.data) for CRC_INIT
    frictionwheel.o(.text) refers to stm32f4xx_rcc.o(.text) for RCC_AHB1PeriphClockCmd
    frictionwheel.o(.text) refers to stm32f4xx_gpio.o(.text) for GPIO_Init
    frictionwheel.o(.text) refers to stm32f4xx_tim.o(.text) for TIM_TimeBaseInit
    frictionwheel.o(.text) refers to stm32f4xx_dma.o(.text) for DMA_DeInit
    frictionwheel.o(.text) refers to misc.o(.text) for NVIC_Init
    frictionwheel.o(.text) refers to pid.o(.text) for PIDCalc
    frictionwheel.o(.text) refers to can.o(.text) for CAN_Set
[...]
    printfa.o(i._printf_core) refers to printfa.o(i._fp_digits) for _fp_digits
    printfa.o(i._printf_core) refers to uidiv.o(.text) for __aeabi_uidivmod
    printfa.o(i._printf_post_padding) refers (Special) to iusefp.o(.text) for __I$use$fp
    printfa.o(i._printf_pre_padding) refers (Special) to iusefp.o(.text) for __I$use$fp
    printfa.o(i._snputc) refers (Special) to iusefp.o(.text) for __I$use$fp
    printfa.o(i._sputc) refers (Special) to iusefp.o(.text) for __I$use$fp
    dmul.o(.text) refers (Special) to iusefp.o(.text) for __I$use$fp
    dmul.o(.text) refers to depilogue.o(.text) for _double_epilogue
    dfixi.o(.text) refers (Special) to iusefp.o(.text) for __I$use$fp
    dfixi.o(.text) refers to llushr.o(.text) for __aeabi_llsr
    f2d.o(.text) refers (Special) to iusefp.o(.text) for __I$use$fp
    entry2.o(.ARM.Collect$$$$00000001) refers to entry2.o(.ARM.Collect$$$$00002712) for __lit__00000000
    entry2.o(.ARM.Collect$$$$00002712) refers to startup_stm32f40_41xxx.o(STACK) for __initial_sp
    entry2.o(__vectab_stack_and_reset_area) refers to startup_stm32f40_41xxx.o(STACK) for __initial_sp
    entry2.o(__vectab_stack_and_reset_area) refers to entry.o(.ARM.Collect$$$$00000000) for __main
    entry5.o(.ARM.Collect$$$$00000004) refers to init.o(.text) for __scatterload
    entry9a.o(.ARM.Collect$$$$0000000B) refers to main.o(.text) for main
    entry9b.o(.ARM.Collect$$$$0000000C) refers to main.o(.text) for main
    uldiv.o(.text) refers to llushr.o(.text) for __aeabi_llsr
    uldiv.o(.text) refers to llshl.o(.text) for __aeabi_llsl
    depilogue.o(.text) refers to llshl.o(.text) for __aeabi_llsl
    depilogue.o(.text) refers to llushr.o(.text) for __aeabi_llsr
    dadd.o(.text) refers to llshl.o(.text) for __aeabi_llsl
    dadd.o(.text) refers to llsshr.o(.text) for __aeabi_lasr
    dadd.o(.text) refers to depilogue.o(.text) for _double_epilogue
    ddiv.o(.text) refers to depilogue.o(.text) for _double_round
    dfixul.o(.text) refers to llushr.o(.text) for __aeabi_llsr
    dfixul.o(.text) refers to llshl.o(.text) for __aeabi_llsl
    init.o(.text) refers to entry5.o(.ARM.Collect$$$$00000004) for __main_after_scatterload


==============================================================================

Removing Unused input sections from the image.

    Removing main.o(.rev16_text), (4 bytes).
    Removing main.o(.revsh_text), (4 bytes).
    Removing stm32f4xx_it.o(.rev16_text), (4 bytes).
    Removing stm32f4xx_it.o(.revsh_text), (4 bytes).
    Removing system_stm32f4xx.o(.rev16_text), (4 bytes).
    Removing system_stm32f4xx.o(.revsh_text), (4 bytes).
    Removing startup_stm32f40_41xxx.o(HEAP), (512 bytes).
    Removing misc.o(.rev16_text), (4 bytes).
    Removing misc.o(.revsh_text), (4 bytes).
    Removing stm32f4xx_adc.o(.rev16_text), (4 bytes).
    Removing stm32f4xx_adc.o(.revsh_text), (4 bytes).
    Removing stm32f4xx_adc.o(.text), (1124 bytes).
    Removing stm32f4xx_can.o(.rev16_text), (4 bytes).
    Removing stm32f4xx_can.o(.revsh_text), (4 bytes).
    Removing stm32f4xx_crc.o(.rev16_text), (4 bytes).
    Removing stm32f4xx_crc.o(.revsh_text), (4 bytes).
    Removing stm32f4xx_crc.o(.text), (72 bytes).
    Removing stm32f4xx_cryp.o(.rev16_text), (4 bytes).
    Removing stm32f4xx_cryp.o(.revsh_text), (4 bytes).
    Removing stm32f4xx_cryp.o(.text), (856 bytes).
    Removing stm32f4xx_cryp_aes.o(.rev16_text), (4 bytes).
    Removing stm32f4xx_cryp_aes.o(.revsh_text), (4 bytes).
    Removing stm32f4xx_cryp_aes.o(.text), (4586 bytes).
    Removing stm32f4xx_cryp_des.o(.rev16_text), (4 bytes).
    Removing stm32f4xx_cryp_des.o(.revsh_text), (4 bytes).
    Removing stm32f4xx_cryp_des.o(.text), (472 bytes).
    Removing stm32f4xx_cryp_tdes.o(.rev16_text), (4 bytes).
    Removing stm32f4xx_cryp_tdes.o(.revsh_text), (4 bytes).
    Removing stm32f4xx_cryp_tdes.o(.text), (536 bytes).
    Removing stm32f4xx_dac.o(.rev16_text), (4 bytes).
    Removing stm32f4xx_dac.o(.revsh_text), (4 bytes).
    Removing stm32f4xx_dac.o(.text), (528 bytes).
    Removing stm32f4xx_dbgmcu.o(.rev16_text), (4 bytes).
    Removing stm32f4xx_dbgmcu.o(.revsh_text), (4 bytes).
    Removing stm32f4xx_dbgmcu.o(.text), (100 bytes).
    Removing stm32f4xx_dcmi.o(.rev16_text), (4 bytes).
    Removing stm32f4xx_dcmi.o(.revsh_text), (4 bytes).
    Removing stm32f4xx_dcmi.o(.text), (396 bytes).
    Removing stm32f4xx_dma2d.o(.rev16_text), (4 bytes).
    Removing stm32f4xx_dma2d.o(.revsh_text), (4 bytes).
    Removing stm32f4xx_dma2d.o(.text), (948 bytes).
    Removing stm32f4xx_dma.o(.rev16_text), (4 bytes).
    Removing stm32f4xx_dma.o(.revsh_text), (4 bytes).
    Removing stm32f4xx_exti.o(.rev16_text), (4 bytes).
    Removing stm32f4xx_exti.o(.revsh_text), (4 bytes).
    Removing stm32f4xx_exti.o(.text), (272 bytes).
    Removing stm32f4xx_flash.o(.rev16_text), (4 bytes).
    Removing stm32f4xx_flash.o(.revsh_text), (4 bytes).
    Removing stm32f4xx_flash.o(.text), (1684 bytes).
    Removing stm32f4xx_flash_ramfunc.o(.rev16_text), (4 bytes).
    Removing stm32f4xx_flash_ramfunc.o(.revsh_text), (4 bytes).
    Removing stm32f4xx_flash_ramfunc.o(.text), (64 bytes).
    Removing stm32f4xx_fsmc.o(.rev16_text), (4 bytes).
    Removing stm32f4xx_fsmc.o(.revsh_text), (4 bytes).
    Removing stm32f4xx_fsmc.o(.text), (1480 bytes).
    Removing stm32f4xx_fsmc.o(.constdata), (28 bytes).
    Removing stm32f4xx_gpio.o(.rev16_text), (4 bytes).
    Removing stm32f4xx_gpio.o(.revsh_text), (4 bytes).
    Removing stm32f4xx_hash.o(.rev16_text), (4 bytes).
    Removing stm32f4xx_hash.o(.revsh_text), (4 bytes).
    Removing stm32f4xx_hash.o(.text), (552 bytes).
    Removing stm32f4xx_hash_md5.o(.rev16_text), (4 bytes).
    Removing stm32f4xx_hash_md5.o(.revsh_text), (4 bytes).
    Removing stm32f4xx_hash_md5.o(.text), (534 bytes).
    Removing stm32f4xx_hash_sha1.o(.rev16_text), (4 bytes).
    Removing stm32f4xx_hash_sha1.o(.revsh_text), (4 bytes).
    Removing stm32f4xx_hash_sha1.o(.text), (548 bytes).
    Removing stm32f4xx_i2c.o(.rev16_text), (4 bytes).
    Removing stm32f4xx_i2c.o(.revsh_text), (4 bytes).
    Removing stm32f4xx_i2c.o(.text), (1110 bytes).
    Removing stm32f4xx_iwdg.o(.rev16_text), (4 bytes).
    Removing stm32f4xx_iwdg.o(.revsh_text), (4 bytes).
    Removing stm32f4xx_iwdg.o(.text), (64 bytes).
    Removing stm32f4xx_ltdc.o(.rev16_text), (4 bytes).
    Removing stm32f4xx_ltdc.o(.revsh_text), (4 bytes).
    Removing stm32f4xx_ltdc.o(.text), (1672 bytes).
    Removing stm32f4xx_pwr.o(.rev16_text), (4 bytes).
    Removing stm32f4xx_pwr.o(.revsh_text), (4 bytes).
    Removing stm32f4xx_pwr.o(.text), (364 bytes).
    Removing stm32f4xx_rcc.o(.rev16_text), (4 bytes).
    Removing stm32f4xx_rcc.o(.revsh_text), (4 bytes).
    Removing stm32f4xx_rng.o(.rev16_text), (4 bytes).
    Removing stm32f4xx_rng.o(.revsh_text), (4 bytes).
    Removing stm32f4xx_rng.o(.text), (160 bytes).
    Removing stm32f4xx_rtc.o(.rev16_text), (4 bytes).
    Removing stm32f4xx_rtc.o(.revsh_text), (4 bytes).
    Removing stm32f4xx_rtc.o(.text), (3432 bytes).
    Removing stm32f4xx_sai.o(.rev16_text), (4 bytes).
    Removing stm32f4xx_sai.o(.revsh_text), (4 bytes).
    Removing stm32f4xx_sai.o(.text), (524 bytes).
    Removing stm32f4xx_sdio.o(.rev16_text), (4 bytes).
    Removing stm32f4xx_sdio.o(.revsh_text), (4 bytes).
    Removing stm32f4xx_sdio.o(.text), (476 bytes).
    Removing stm32f4xx_spi.o(.rev16_text), (4 bytes).
    Removing stm32f4xx_spi.o(.revsh_text), (4 bytes).
    Removing stm32f4xx_spi.o(.text), (1152 bytes).
    Removing stm32f4xx_syscfg.o(.rev16_text), (4 bytes).
    Removing stm32f4xx_syscfg.o(.revsh_text), (4 bytes).
    Removing stm32f4xx_syscfg.o(.text), (148 bytes).
    Removing stm32f4xx_tim.o(.rev16_text), (4 bytes).
    Removing stm32f4xx_tim.o(.revsh_text), (4 bytes).
    Removing stm32f4xx_usart.o(.rev16_text), (4 bytes).
    Removing stm32f4xx_usart.o(.revsh_text), (4 bytes).
    Removing stm32f4xx_wwdg.o(.rev16_text), (4 bytes).
    Removing stm32f4xx_wwdg.o(.revsh_text), (4 bytes).
    Removing stm32f4xx_wwdg.o(.text), (144 bytes).
    Removing can.o(.rev16_text), (4 bytes).
    Removing can.o(.revsh_text), (4 bytes).
    Removing crc_algorithm.o(.rev16_text), (4 bytes).
    Removing crc_algorithm.o(.revsh_text), (4 bytes).
    Removing frictionwheel.o(.rev16_text), (4 bytes).
    Removing frictionwheel.o(.revsh_text), (4 bytes).
    Removing key.o(.rev16_text), (4 bytes).
    Removing key.o(.revsh_text), (4 bytes).
    Removing led.o(.rev16_text), (4 bytes).
    Removing led.o(.revsh_text), (4 bytes).
    Removing led.o(.text), (2 bytes).
    Removing pid.o(.rev16_text), (4 bytes).
    Removing pid.o(.revsh_text), (4 bytes).
    Removing tim4.o(.rev16_text), (4 bytes).
    Removing tim4.o(.revsh_text), (4 bytes).
    Removing usart.o(.rev16_text), (4 bytes).
    Removing usart.o(.revsh_text), (4 bytes).
    Removing trigger.o(.rev16_text), (4 bytes).
    Removing trigger.o(.revsh_text), (4 bytes).
    Removing zerocheck.o(.rev16_text), (4 bytes).
    Removing zerocheck.o(.revsh_text), (4 bytes).
    Removing putt.o(.rev16_text), (4 bytes).
    Removing putt.o(.revsh_text), (4 bytes).

129 unused section(s) (total 24932 bytes) removed from the image.

==============================================================================

Image Symbol Table

    Local Symbols

    Symbol Name                              Value     Ov Type        Size  Object(Section)

    ../clib/microlib/division.c              0x00000000   Number         0  uldiv.o ABSOLUTE
    ../clib/microlib/division.c              0x00000000   Number         0  uidiv.o ABSOLUTE
    ../clib/microlib/init/entry.s            0x00000000   Number         0  entry9a.o ABSOLUTE
    ../clib/microlib/init/entry.s            0x00000000   Number         0  entry11b.o ABSOLUTE
    ../clib/microlib/init/entry.s            0x00000000   Number         0  entry11a.o ABSOLUTE
    ../clib/microlib/init/entry.s            0x00000000   Number         0  entry10b.o ABSOLUTE
    ../clib/microlib/init/entry.s            0x00000000   Number         0  entry10a.o ABSOLUTE
    ../clib/microlib/init/entry.s            0x00000000   Number         0  entry2.o ABSOLUTE
    ../clib/microlib/init/entry.s            0x00000000   Number         0  entry9b.o ABSOLUTE
    ../clib/microlib/init/entry.s            0x00000000   Number         0  entry8b.o ABSOLUTE
    ../clib/microlib/init/entry.s            0x00000000   Number         0  entry8a.o ABSOLUTE
    ../clib/microlib/init/entry.s            0x00000000   Number         0  entry7b.o ABSOLUTE
    ../clib/microlib/init/entry.s            0x00000000   Number         0  entry7a.o ABSOLUTE
    ../clib/microlib/init/entry.s            0x00000000   Number         0  entry5.o ABSOLUTE
    ../clib/microlib/init/entry.s            0x00000000   Number         0  entry.o ABSOLUTE
    ../clib/microlib/longlong.c              0x00000000   Number         0  llsshr.o ABSOLUTE
    ../clib/microlib/longlong.c              0x00000000   Number         0  llushr.o ABSOLUTE
    ../clib/microlib/longlong.c              0x00000000   Number         0  llshl.o ABSOLUTE
    ../clib/microlib/printf/printf.c         0x00000000   Number         0  printfa.o ABSOLUTE
    ../clib/microlib/printf/printf.c         0x00000000   Number         0  printf7.o ABSOLUTE
    ../clib/microlib/printf/printf.c         0x00000000   Number         0  printf8.o ABSOLUTE
    ../clib/microlib/printf/printf.c         0x00000000   Number         0  printf6.o ABSOLUTE
    ../clib/microlib/printf/printf.c         0x00000000   Number         0  printf5.o ABSOLUTE
    ../clib/microlib/printf/printf.c         0x00000000   Number         0  printf4.o ABSOLUTE
    ../clib/microlib/printf/printf.c         0x00000000   Number         0  printf3.o ABSOLUTE
    ../clib/microlib/printf/printf.c         0x00000000   Number         0  printf2.o ABSOLUTE
    ../clib/microlib/printf/printf.c         0x00000000   Number         0  printf1.o ABSOLUTE
    ../clib/microlib/printf/printf.c         0x00000000   Number         0  printf0.o ABSOLUTE
    ../clib/microlib/printf/printf.c         0x00000000   Number         0  printfb.o ABSOLUTE
    ../clib/microlib/printf/stubs.s          0x00000000   Number         0  stubs.o ABSOLUTE
    ../clib/microlib/stdio/streams.c         0x00000000   Number         0  stdout.o ABSOLUTE
    ../clib/microlib/string/memcpy.c         0x00000000   Number         0  memcpya.o ABSOLUTE
    ../clib/microlib/string/memcpy.c         0x00000000   Number         0  memcpyb.o ABSOLUTE
    ../clib/microlib/stubs.s                 0x00000000   Number         0  iusefp.o ABSOLUTE
    ../fplib/microlib/f2d.c                  0x00000000   Number         0  f2d.o ABSOLUTE
    ../fplib/microlib/fpadd.c                0x00000000   Number         0  dadd.o ABSOLUTE
    ../fplib/microlib/fpdiv.c                0x00000000   Number         0  ddiv.o ABSOLUTE
    ../fplib/microlib/fpepilogue.c           0x00000000   Number         0  depilogue.o ABSOLUTE
    ../fplib/microlib/fpfix.c                0x00000000   Number         0  dfixul.o ABSOLUTE
    ../fplib/microlib/fpfix.c                0x00000000   Number         0  dfixi.o ABSOLUTE
    ../fplib/microlib/fpmul.c                0x00000000   Number         0  dmul.o ABSOLUTE
    ..\CORE\startup_stm32f40_41xxx.s         0x00000000   Number         0  startup_stm32f40_41xxx.o ABSOLUTE
    ..\FWLIB\src\misc.c                      0x00000000   Number         0  misc.o ABSOLUTE
    ..\FWLIB\src\stm32f4xx_adc.c             0x00000000   Number         0  stm32f4xx_adc.o ABSOLUTE
    ..\FWLIB\src\stm32f4xx_can.c             0x00000000   Number         0  stm32f4xx_can.o ABSOLUTE
    ..\FWLIB\src\stm32f4xx_crc.c             0x00000000   Number         0  stm32f4xx_crc.o ABSOLUTE
    ..\FWLIB\src\stm32f4xx_cryp.c            0x00000000   Number         0  stm32f4xx_cryp.o ABSOLUTE
    ..\FWLIB\src\stm32f4xx_cryp_aes.c        0x00000000   Number         0  stm32f4xx_cryp_aes.o ABSOLUTE
    ..\FWLIB\src\stm32f4xx_cryp_des.c        0x00000000   Number         0  stm32f4xx_cryp_des.o ABSOLUTE
    ..\FWLIB\src\stm32f4xx_cryp_tdes.c       0x00000000   Number         0  stm32f4xx_cryp_tdes.o ABSOLUTE
    ..\FWLIB\src\stm32f4xx_dac.c             0x00000000   Number         0  stm32f4xx_dac.o ABSOLUTE
    ..\FWLIB\src\stm32f4xx_dbgmcu.c          0x00000000   Number         0  stm32f4xx_dbgmcu.o ABSOLUTE
    ..\FWLIB\src\stm32f4xx_dcmi.c            0x00000000   Number         0  stm32f4xx_dcmi.o ABSOLUTE
    ..\FWLIB\src\stm32f4xx_dma.c             0x00000000   Number         0  stm32f4xx_dma.o ABSOLUTE
    ..\FWLIB\src\stm32f4xx_dma2d.c           0x00000000   Number         0  stm32f4xx_dma2d.o ABSOLUTE
    ..\FWLIB\src\stm32f4xx_exti.c            0x00000000   Number         0  stm32f4xx_exti.o ABSOLUTE
    ..\FWLIB\src\stm32f4xx_flash.c           0x00000000   Number         0  stm32f4xx_flash.o ABSOLUTE
    ..\FWLIB\src\stm32f4xx_flash_ramfunc.c   0x00000000   Number         0  stm32f4xx_flash_ramfunc.o ABSOLUTE
    ..\FWLIB\src\stm32f4xx_fsmc.c            0x00000000   Number         0  stm32f4xx_fsmc.o ABSOLUTE
    ..\FWLIB\src\stm32f4xx_gpio.c            0x00000000   Number         0  stm32f4xx_gpio.o ABSOLUTE
    ..\FWLIB\src\stm32f4xx_hash.c            0x00000000   Number         0  stm32f4xx_hash.o ABSOLUTE
    ..\FWLIB\src\stm32f4xx_hash_md5.c        0x00000000   Number         0  stm32f4xx_hash_md5.o ABSOLUTE
    ..\FWLIB\src\stm32f4xx_hash_sha1.c       0x00000000   Number         0  stm32f4xx_hash_sha1.o ABSOLUTE
    ..\FWLIB\src\stm32f4xx_i2c.c             0x00000000   Number         0  stm32f4xx_i2c.o ABSOLUTE
    ..\FWLIB\src\stm32f4xx_iwdg.c            0x00000000   Number         0  stm32f4xx_iwdg.o ABSOLUTE
    ..\FWLIB\src\stm32f4xx_ltdc.c            0x00000000   Number         0  stm32f4xx_ltdc.o ABSOLUTE
    ..\FWLIB\src\stm32f4xx_pwr.c             0x00000000   Number         0  stm32f4xx_pwr.o ABSOLUTE
    ..\FWLIB\src\stm32f4xx_rcc.c             0x00000000   Number         0  stm32f4xx_rcc.o ABSOLUTE
    ..\FWLIB\src\stm32f4xx_rng.c             0x00000000   Number         0  stm32f4xx_rng.o ABSOLUTE
    ..\FWLIB\src\stm32f4xx_rtc.c             0x00000000   Number         0  stm32f4xx_rtc.o ABSOLUTE
    ..\FWLIB\src\stm32f4xx_sai.c             0x00000000   Number         0  stm32f4xx_sai.o ABSOLUTE
    ..\FWLIB\src\stm32f4xx_sdio.c            0x00000000   Number         0  stm32f4xx_sdio.o ABSOLUTE
    ..\FWLIB\src\stm32f4xx_spi.c             0x00000000   Number         0  stm32f4xx_spi.o ABSOLUTE
    ..\FWLIB\src\stm32f4xx_syscfg.c          0x00000000   Number         0  stm32f4xx_syscfg.o ABSOLUTE
    ..\FWLIB\src\stm32f4xx_tim.c             0x00000000   Number         0  stm32f4xx_tim.o ABSOLUTE
    ..\FWLIB\src\stm32f4xx_usart.c           0x00000000   Number         0  stm32f4xx_usart.o ABSOLUTE
    ..\FWLIB\src\stm32f4xx_wwdg.c            0x00000000   Number         0  stm32f4xx_wwdg.o ABSOLUTE
    ..\HARDWARE\CRC_algorithm.c              0x00000000   Number         0  crc_algorithm.o ABSOLUTE
    ..\HARDWARE\ZeroCheck.c                  0x00000000   Number         0  zerocheck.o ABSOLUTE
    ..\HARDWARE\can.c                        0x00000000   Number         0  can.o ABSOLUTE
    ..\HARDWARE\frictionwheel.c              0x00000000   Number         0  frictionwheel.o ABSOLUTE
    ..\HARDWARE\key.c                        0x00000000   Number         0  key.o ABSOLUTE
    ..\HARDWARE\led.c                        0x00000000   Number         0  led.o ABSOLUTE
    ..\HARDWARE\pid.c                        0x00000000   Number         0  pid.o ABSOLUTE
    ..\HARDWARE\putt.c                       0x00000000   Number         0  putt.o ABSOLUTE
    ..\HARDWARE\tim4.c                       0x00000000   Number         0  tim4.o ABSOLUTE
    ..\HARDWARE\trigger.c                    0x00000000   Number         0  trigger.o ABSOLUTE
    ..\HARDWARE\usart.c                      0x00000000   Number         0  usart.o ABSOLUTE
    ..\\FWLIB\\src\\misc.c                   0x00000000   Number         0  misc.o ABSOLUTE
    ..\\FWLIB\\src\\stm32f4xx_adc.c          0x00000000   Number         0  stm32f4xx_adc.o ABSOLUTE
    ..\\FWLIB\\src\\stm32f4xx_can.c          0x00000000   Number         0  stm32f4xx_can.o ABSOLUTE
    ..\\FWLIB\\src\\stm32f4xx_crc.c          0x00000000   Number         0  stm32f4xx_crc.o ABSOLUTE
    ..\\FWLIB\\src\\stm32f4xx_cryp.c         0x00000000   Number         0  stm32f4xx_cryp.o ABSOLUTE
    ..\\FWLIB\\src\\stm32f4xx_cryp_aes.c     0x00000000   Number         0  stm32f4xx_cryp_aes.o ABSOLUTE
    ..\\FWLIB\\src\\stm32f4xx_cryp_des.c     0x00000000   Number         0  stm32f4xx_cryp_des.o ABSOLUTE
    ..\\FWLIB\\src\\stm32f4xx_cryp_tdes.c    0x00000000   Number         0  stm32f4xx_cryp_tdes.o ABSOLUTE
    ..\\FWLIB\\src\\stm32f4xx_dac.c          0x00000000   Number         0  stm32f4xx_dac.o ABSOLUTE
    ..\\FWLIB\\src\\stm32f4xx_dbgmcu.c       0x00000000   Number         0  stm32f4xx_dbgmcu.o ABSOLUTE
    ..\\FWLIB\\src\\stm32f4xx_dcmi.c         0x00000000   Number         0  stm32f4xx_dcmi.o ABSOLUTE
    ..\\FWLIB\\src\\stm32f4xx_dma.c          0x00000000   Number         0  stm32f4xx_dma.o ABSOLUTE
    ..\\FWLIB\\src\\stm32f4xx_dma2d.c        0x00000000   Number         0  stm32f4xx_dma2d.o ABSOLUTE
    ..\\FWLIB\\src\\stm32f4xx_exti.c         0x00000000   Number         0  stm32f4xx_exti.o ABSOLUTE
    ..\\FWLIB\\src\\stm32f4xx_flash.c        0x00000000   Number         0  stm32f4xx_flash.o ABSOLUTE
    ..\\FWLIB\\src\\stm32f4xx_flash_ramfunc.c 0x00000000   Number         0  stm32f4xx_flash_ramfunc.o ABSOLUTE
    ..\\FWLIB\\src\\stm32f4xx_fsmc.c         0x00000000   Number         0  stm32f4xx_fsmc.o ABSOLUTE
    ..\\FWLIB\\src\\stm32f4xx_gpio.c         0x00000000   Number         0  stm32f4xx_gpio.o ABSOLUTE
    ..\\FWLIB\\src\\stm32f4xx_hash.c         0x00000000   Number         0  stm32f4xx_hash.o ABSOLUTE
    ..\\FWLIB\\src\\stm32f4xx_hash_md5.c     0x00000000   Number         0  stm32f4xx_hash_md5.o ABSOLUTE
    ..\\FWLIB\\src\\stm32f4xx_hash_sha1.c    0x00000000   Number         0  stm32f4xx_hash_sha1.o ABSOLUTE
    ..\\FWLIB\\src\\stm32f4xx_i2c.c          0x00000000   Number         0  stm32f4xx_i2c.o ABSOLUTE
    ..\\FWLIB\\src\\stm32f4xx_iwdg.c         0x00000000   Number         0  stm32f4xx_iwdg.o ABSOLUTE
    ..\\FWLIB\\src\\stm32f4xx_ltdc.c         0x00000000   Number         0  stm32f4xx_ltdc.o ABSOLUTE
    ..\\FWLIB\\src\\stm32f4xx_pwr.c          0x00000000   Number         0  stm32f4xx_pwr.o ABSOLUTE
    ..\\FWLIB\\src\\stm32f4xx_rcc.c          0x00000000   Number         0  stm32f4xx_rcc.o ABSOLUTE
    ..\\FWLIB\\src\\stm32f4xx_rng.c          0x00000000   Number         0  stm32f4xx_rng.o ABSOLUTE
    ..\\FWLIB\\src\\stm32f4xx_rtc.c          0x00000000   Number         0  stm32f4xx_rtc.o ABSOLUTE
    ..\\FWLIB\\src\\stm32f4xx_sai.c          0x00000000   Number         0  stm32f4xx_sai.o ABSOLUTE
    ..\\FWLIB\\src\\stm32f4xx_sdio.c         0x00000000   Number         0  stm32f4xx_sdio.o ABSOLUTE
    ..\\FWLIB\\src\\stm32f4xx_spi.c          0x00000000   Number         0  stm32f4xx_spi.o ABSOLUTE
    ..\\FWLIB\\src\\stm32f4xx_syscfg.c       0x00000000   Number         0  stm32f4xx_syscfg.o ABSOLUTE
    ..\\FWLIB\\src\\stm32f4xx_tim.c          0x00000000   Number         0  stm32f4xx_tim.o ABSOLUTE
    ..\\FWLIB\\src\\stm32f4xx_usart.c        0x00000000   Number         0  stm32f4xx_usart.o ABSOLUTE
    ..\\FWLIB\\src\\stm32f4xx_wwdg.c         0x00000000   Number         0  stm32f4xx_wwdg.o ABSOLUTE
    ..\\HARDWARE\\CRC_algorithm.c            0x00000000   Number         0  crc_algorithm.o ABSOLUTE
    ..\\HARDWARE\\ZeroCheck.c                0x00000000   Number         0  zerocheck.o ABSOLUTE
    ..\\HARDWARE\\can.c                      0x00000000   Number         0  can.o ABSOLUTE
    ..\\HARDWARE\\frictionwheel.c            0x00000000   Number         0  frictionwheel.o ABSOLUTE
    ..\\HARDWARE\\key.c                      0x00000000   Number         0  key.o ABSOLUTE
    ..\\HARDWARE\\led.c                      0x00000000   Number         0  led.o ABSOLUTE
    ..\\HARDWARE\\pid.c                      0x00000000   Number         0  pid.o ABSOLUTE
    ..\\HARDWARE\\putt.c                     0x00000000   Number         0  putt.o ABSOLUTE
    ..\\HARDWARE\\tim4.c                     0x00000000   Number         0  tim4.o ABSOLUTE
    ..\\HARDWARE\\trigger.c                  0x00000000   Number         0  trigger.o ABSOLUTE
    ..\\HARDWARE\\usart.c                    0x00000000   Number         0  usart.o ABSOLUTE
    cdrcmple.s                               0x00000000   Number         0  cdrcmple.o ABSOLUTE
    dc.s                                     0x00000000   Number         0  dc.o ABSOLUTE
    handlers.s                               0x00000000   Number         0  handlers.o ABSOLUTE
    init.s                                   0x00000000   Number         0  init.o ABSOLUTE
    main.c                                   0x00000000   Number         0  main.o ABSOLUTE
    main.c                                   0x00000000   Number         0  main.o ABSOLUTE
    stm32f4xx_it.c                           0x00000000   Number         0  stm32f4xx_it.o ABSOLUTE
    stm32f4xx_it.c                           0x00000000   Number         0  stm32f4xx_it.o ABSOLUTE
    system_stm32f4xx.c                       0x00000000   Number         0  system_stm32f4xx.o ABSOLUTE
    system_stm32f4xx.c                       0x00000000   Number         0  system_stm32f4xx.o ABSOLUTE
    RESET                                    0x08000000   Section      392  startup_stm32f40_41xxx.o(RESET)
    .ARM.Collect$$$$00000000                 0x08000188   Section        0  entry.o(.ARM.Collect$$$$00000000)
    .ARM.Collect$$$$00000001                 0x08000188   Section        4  entry2.o(.ARM.Collect$$$$00000001)
    .ARM.Collect$$$$00000004                 0x0800018c   Section        4  entry5.o(.ARM.Collect$$$$00000004)
    .ARM.Collect$$$$00000008                 0x08000190   Section        0  entry7b.o(.ARM.Collect$$$$00000008)
    .ARM.Collect$$$$0000000A                 0x08000190   Section        0  entry8b.o(.ARM.Collect$$$$0000000A)
    .ARM.Collect$$$$0000000B                 0x08000190   Section        8  entry9a.o(.ARM.Collect$$$$0000000B)
    .ARM.Collect$$$$0000000D                 0x08000198   Section        0  entry10a.o(.ARM.Collect$$$$0000000D)
    .ARM.Collect$$$$0000000F                 0x08000198   Section        0  entry11a.o(.ARM.Collect$$$$0000000F)
    .ARM.Collect$$$$00002712                 0x08000198   Section        4  entry2.o(.ARM.Collect$$$$00002712)
    __lit__00000000                          0x08000198   Data           4  entry2.o(.ARM.Collect$$$$00002712)
    .text                                    0x0800019c   Section        0  main.o(.text)
    .text                                    0x08000264   Section        0  stm32f4xx_it.o(.text)
    .text                                    0x0800027c   Section        0  system_stm32f4xx.o(.text)
    SetSysClock                              0x0800027d   Thumb Code   220  system_stm32f4xx.o(.text)
    .text                                    0x0800048c   Section       36  startup_stm32f40_41xxx.o(.text)
    $v0                                      0x0800048c   Number         0  startup_stm32f40_41xxx.o(.text)
    .text                                    0x080004b0   Section        0  misc.o(.text)
    .text                                    0x08000590   Section        0  stm32f4xx_can.o(.text)
    CheckITStatus                            0x08000d93   Thumb Code    18  stm32f4xx_can.o(.text)
    .text                                    0x08000f80   Section        0  stm32f4xx_dma.o(.text)
    .text                                    0x08001328   Section        0  stm32f4xx_gpio.o(.text)
    .text                                    0x080015bc   Section        0  stm32f4xx_rcc.o(.text)
    .text                                    0x08001c18   Section        0  stm32f4xx_tim.o(.text)
    TI4_Config                               0x080023b7   Thumb Code    80  stm32f4xx_tim.o(.text)
    TI3_Config                               0x08002419   Thumb Code    72  stm32f4xx_tim.o(.text)
    TI2_Config                               0x0800247b   Thumb Code    90  stm32f4xx_tim.o(.text)
    TI1_Config                               0x080024e7   Thumb Code    58  stm32f4xx_tim.o(.text)
    .text                                    0x080028bc   Section        0  stm32f4xx_usart.o(.text)
    .text                                    0x08002d10   Section        0  can.o(.text)
    .text                                    0x08003090   Section        0  crc_algorithm.o(.text)
    .text                                    0x080031a4   Section        0  frictionwheel.o(.text)
    .text                                    0x08003694   Section        0  pid.o(.text)
    .text                                    0x08003744   Section        0  tim4.o(.text)
    .text                                    0x08003948   Section        0  usart.o(.text)
    .text                                    0x080040c4   Section        0  trigger.o(.text)
    .text                                    0x080043e0   Section        0  zerocheck.o(.text)
    .text                                    0x080044ac   Section        0  putt.o(.text)
    .text                                    0x08004508   Section        0  memcpya.o(.text)
    .text                                    0x0800452c   Section        0  dmul.o(.text)
    .text                                    0x08004610   Section        0  dfixi.o(.text)
    .text                                    0x0800464e   Section        0  f2d.o(.text)
    .text                                    0x08004674   Section        0  uidiv.o(.text)
    .text                                    0x080046a0   Section        0  uldiv.o(.text)
    .text                                    0x08004702   Section        0  llushr.o(.text)
    .text                                    0x08004722   Section        0  depilogue.o(.text)
    .text                                    0x08004722   Section        0  iusefp.o(.text)
    .text                                    0x080047dc   Section        0  dadd.o(.text)
    .text                                    0x0800492a   Section        0  ddiv.o(.text)
    .text                                    0x08004a08   Section        0  dfixul.o(.text)
    .text                                    0x08004a38   Section       48  cdrcmple.o(.text)
    .text                                    0x08004a68   Section       36  init.o(.text)
    .text                                    0x08004a8c   Section        0  llshl.o(.text)
    .text                                    0x08004aaa   Section        0  llsshr.o(.text)
    i.__0printf                              0x08004ad0   Section        0  printfa.o(i.__0printf)
    i.__scatterload_copy                     0x08004af0   Section       14  handlers.o(i.__scatterload_copy)
    i.__scatterload_null                     0x08004afe   Section        2  handlers.o(i.__scatterload_null)
    i.__scatterload_zeroinit                 0x08004b00   Section       14  handlers.o(i.__scatterload_zeroinit)
    i._fp_digits                             0x08004b10   Section        0  printfa.o(i._fp_digits)
    _fp_digits                               0x08004b11   Thumb Code   366  printfa.o(i._fp_digits)
    i._printf_core                           0x08004c94   Section        0  printfa.o(i._printf_core)
    _printf_core                             0x08004c95   Thumb Code  1744  printfa.o(i._printf_core)
    i._printf_post_padding                   0x08005370   Section        0  printfa.o(i._printf_post_padding)
    _printf_post_padding                     0x08005371   Thumb Code    36  printfa.o(i._printf_post_padding)
    i._printf_pre_padding                    0x08005394   Section        0  printfa.o(i._printf_pre_padding)
    _printf_pre_padding                      0x08005395   Thumb Code    46  printfa.o(i._printf_pre_padding)
    .constdata                               0x080053c2   Section      769  crc_algorithm.o(.constdata)
    .data                                    0x20000000   Section       20  system_stm32f4xx.o(.data)
    .data                                    0x20000014   Section       16  stm32f4xx_rcc.o(.data)
    APBAHBPrescTable                         0x20000014   Data          16  stm32f4xx_rcc.o(.data)
    .data                                    0x20000024   Section        2  crc_algorithm.o(.data)
    .data                                    0x20000028   Section      144  frictionwheel.o(.data)
    .data                                    0x200000b8   Section        8  tim4.o(.data)
    .data                                    0x200000c0   Section       12  usart.o(.data)
    DATA_LENGTH                              0x200000c8   Data           4  usart.o(.data)
    .data                                    0x200000cc   Section       12  trigger.o(.data)
    BodanMotorCurrent                        0x200000d0   Data           4  trigger.o(.data)
    blocking_prevent_flag                    0x200000d4   Data           2  trigger.o(.data)
    reverse_flag                             0x200000d6   Data           2  trigger.o(.data)
    .data                                    0x200000d8   Section        4  stdout.o(.data)
    .bss                                     0x200000dc   Section       16  main.o(.bss)
    .bss                                     0x200000ec   Section      100  frictionwheel.o(.bss)
    .bss                                     0x20000150   Section       16  tim4.o(.bss)
    .bss                                     0x20000160   Section     2356  usart.o(.bss)
    .bss                                     0x20000a94   Section      140  trigger.o(.bss)
    STACK                                    0x20000b20   Section     1024  startup_stm32f40_41xxx.o(STACK)

    Global Symbols

    Symbol Name                              Value     Ov Type        Size  Object(Section)

    BuildAttributes$$THM_ISAv4$E$P$D$K$B$S$7EM$VFPi3$EXTD16$VFPS$VFMA$PE$A:L22UL41UL21$X:L11$S22US41US21$IEEE1$IW$USESV6$~STKCKD$USESV7$~SHL$OSPACE$ROPI$EBA8$MICROLIB$REQ8$PRES8$EABIv2 0x00000000   Number         0  anon$$obj.o ABSOLUTE
    __ARM_use_no_argv                        0x00000000   Number         0  main.o ABSOLUTE
    _printf_a                                0x00000000   Number         0  stubs.o ABSOLUTE
    _printf_c                                0x00000000   Number         0  stubs.o ABSOLUTE
    _printf_charcount                        0x00000000   Number         0  stubs.o ABSOLUTE
    _printf_d                                0x00000000   Number         0  stubs.o ABSOLUTE
    _printf_e                                0x00000000   Number         0  stubs.o ABSOLUTE
    _printf_f                                0x00000000   Number         0  stubs.o ABSOLUTE
    _printf_flags                            0x00000000   Number         0  stubs.o ABSOLUTE
    _printf_fp_dec                           0x00000000   Number         0  stubs.o ABSOLUTE
    _printf_fp_hex                           0x00000000   Number         0  stubs.o ABSOLUTE
    _printf_g                                0x00000000   Number         0  stubs.o ABSOLUTE
    _printf_i                                0x00000000   Number         0  stubs.o ABSOLUTE
    _printf_int_dec                          0x00000000   Number         0  stubs.o ABSOLUTE
    _printf_l                                0x00000000   Number         0  stubs.o ABSOLUTE
    _printf_lc                               0x00000000   Number         0  stubs.o ABSOLUTE
    _printf_ll                               0x00000000   Number         0  stubs.o ABSOLUTE
    _printf_lld                              0x00000000   Number         0  stubs.o ABSOLUTE
    _printf_lli                              0x00000000   Number         0  stubs.o ABSOLUTE
    _printf_llo                              0x00000000   Number         0  stubs.o ABSOLUTE
    _printf_llu                              0x00000000   Number         0  stubs.o ABSOLUTE
    _printf_llx                              0x00000000   Number         0  stubs.o ABSOLUTE
    _printf_longlong_dec                     0x00000000   Number         0  stubs.o ABSOLUTE
    _printf_longlong_hex                     0x00000000   Number         0  stubs.o ABSOLUTE
    _printf_longlong_oct                     0x00000000   Number         0  stubs.o ABSOLUTE
    _printf_ls                               0x00000000   Number         0  stubs.o ABSOLUTE
    _printf_mbtowc                           0x00000000   Number         0  stubs.o ABSOLUTE
    _printf_n                                0x00000000   Number         0  stubs.o ABSOLUTE
    _printf_o                                0x00000000   Number         0  stubs.o ABSOLUTE
    _printf_p                                0x00000000   Number         0  stubs.o ABSOLUTE
    _printf_percent                          0x00000000   Number         0  stubs.o ABSOLUTE
    _printf_pre_padding                      0x00000000   Number         0  stubs.o ABSOLUTE
    _printf_return_value                     0x00000000   Number         0  stubs.o ABSOLUTE
    _printf_s                                0x00000000   Number         0  stubs.o ABSOLUTE
    _printf_sizespec                         0x00000000   Number         0  stubs.o ABSOLUTE
    _printf_str                              0x00000000   Number         0  stubs.o ABSOLUTE
    _printf_truncate_signed                  0x00000000   Number         0  stubs.o ABSOLUTE
    _printf_truncate_unsigned                0x00000000   Number         0  stubs.o ABSOLUTE
    _printf_u                                0x00000000   Number         0  stubs.o ABSOLUTE
    _printf_wc                               0x00000000   Number         0  stubs.o ABSOLUTE
    _printf_wctomb                           0x00000000   Number         0  stubs.o ABSOLUTE
    _printf_widthprec                        0x00000000   Number         0  stubs.o ABSOLUTE
    _printf_x                                0x00000000   Number         0  stubs.o ABSOLUTE
    __cpp_initialize__aeabi_                  - Undefined Weak Reference
    __cxa_finalize                            - Undefined Weak Reference
    __decompress                              - Undefined Weak Reference
    _clock_init                               - Undefined Weak Reference
    _microlib_exit                            - Undefined Weak Reference
    __Vectors_Size                           0x00000188   Number         0  startup_stm32f40_41xxx.o ABSOLUTE
    __Vectors                                0x08000000   Data           4  startup_stm32f40_41xxx.o(RESET)
    __Vectors_End                            0x08000188   Data           0  startup_stm32f40_41xxx.o(RESET)
    __main                                   0x08000189   Thumb Code     0  entry.o(.ARM.Collect$$$$00000000)
    _main_stk                                0x08000189   Thumb Code     0  entry2.o(.ARM.Collect$$$$00000001)
    _main_scatterload                        0x0800018d   Thumb Code     0  entry5.o(.ARM.Collect$$$$00000004)
    __main_after_scatterload                 0x08000191   Thumb Code     0  entry5.o(.ARM.Collect$$$$00000004)
    _main_clock                              0x08000191   Thumb Code     0  entry7b.o(.ARM.Collect$$$$00000008)
    _main_cpp_init                           0x08000191   Thumb Code     0  entry8b.o(.ARM.Collect$$$$0000000A)
    _main_init                               0x08000191   Thumb Code     0  entry9a.o(.ARM.Collect$$$$0000000B)
    __rt_final_cpp                           0x08000199   Thumb Code     0  entry10a.o(.ARM.Collect$$$$0000000D)
    __rt_final_exit                          0x08000199   Thumb Code     0  entry11a.o(.ARM.Collect$$$$0000000F)
    delay_ms                                 0x0800019d   Thumb Code    16  main.o(.text)
    Parameter_Config                         0x080001ad   Thumb Code    36  main.o(.text)
    System_Config                            0x080001d1   Thumb Code    92  main.o(.text)
    main                                     0x0800022d   Thumb Code    18  main.o(.text)
    SysTick_Handler                          0x0800023f   Thumb Code    16  main.o(.text)
    NMI_Handler                              0x08000265   Thumb Code     2  stm32f4xx_it.o(.text)
    HardFault_Handler                        0x08000267   Thumb Code     4  stm32f4xx_it.o(.text)
    MemManage_Handler                        0x0800026b   Thumb Code     4  stm32f4xx_it.o(.text)
    BusFault_Handler                         0x0800026f   Thumb Code     4  stm32f4xx_it.o(.text)
    UsageFault_Handler                       0x08000273   Thumb Code     4  stm32f4xx_it.o(.text)
    SVC_Handler                              0x08000277   Thumb Code     2  stm32f4xx_it.o(.text)
    DebugMon_Handler                         0x08000279   Thumb Code     2  stm32f4xx_it.o(.text)
    PendSV_Handler                           0x0800027b   Thumb Code     2  stm32f4xx_it.o(.text)
    SystemInit                               0x08000359   Thumb Code    88  system_stm32f4xx.o(.text)
    SystemCoreClockUpdate                    0x080003b1   Thumb Code   174  system_stm32f4xx.o(.text)
    Reset_Handler                            0x0800048d   Thumb Code     8  startup_stm32f40_41xxx.o(.text)
    ADC_IRQHandler                           0x080004a7   Thumb Code     0  startup_stm32f40_41xxx.o(.text)
    CAN1_SCE_IRQHandler                      0x080004a7   Thumb Code     0  startup_stm32f40_41xxx.o(.text)
    CAN1_TX_IRQHandler                       0x080004a7   Thumb Code     0  startup_stm32f40_41xxx.o(.text)
    CAN2_RX0_IRQHandler                      0x080004a7   Thumb Code     0  startup_stm32f40_41xxx.o(.text)
    CAN2_RX1_IRQHandler                      0x080004a7   Thumb Code     0  startup_stm32f40_41xxx.o(.text)
    CAN2_SCE_IRQHandler                      0x080004a7   Thumb Code     0  startup_stm32f40_41xxx.o(.text)
    CAN2_TX_IRQHandler                       0x080004a7   Thumb Code     0  startup_stm32f40_41xxx.o(.text)
    CRYP_IRQHandler                          0x080004a7   Thumb Code     0  startup_stm32f40_41xxx.o(.text)
    DCMI_IRQHandler                          0x080004a7   Thumb Code     0  startup_stm32f40_41xxx.o(.text)
    DMA1_Stream0_IRQHandler                  0x080004a7   Thumb Code     0  startup_stm32f40_41xxx.o(.text)
    DMA1_Stream1_IRQHandler                  0x080004a7   Thumb Code     0  startup_stm32f40_41xxx.o(.text)
    DMA1_Stream2_IRQHandler                  0x080004a7   Thumb Code     0  startup_stm32f40_41xxx.o(.text)
    DMA1_Stream3_IRQHandler                  0x080004a7   Thumb Code     0  startup_stm32f40_41xxx.o(.text)
    DMA1_Stream4_IRQHandler                  0x080004a7   Thumb Code     0  startup_stm32f40_41xxx.o(.text)
    DMA1_Stream5_IRQHandler                  0x080004a7   Thumb Code     0  startup_stm32f40_41xxx.o(.text)
    DMA1_Stream6_IRQHandler                  0x080004a7   Thumb Code     0  startup_stm32f40_41xxx.o(.text)
    DMA1_Stream7_IRQHandler                  0x080004a7   Thumb Code     0  startup_stm32f40_41xxx.o(.text)
    DMA2_Stream0_IRQHandler                  0x080004a7   Thumb Code     0  startup_stm32f40_41xxx.o(.text)
    DMA2_Stream3_IRQHandler                  0x080004a7   Thumb Code     0  startup_stm32f40_41xxx.o(.text)
    DMA2_Stream4_IRQHandler                  0x080004a7   Thumb Code     0  startup_stm32f40_41xxx.o(.text)
    DMA2_Stream5_IRQHandler                  0x080004a7   Thumb Code     0  startup_stm32f40_41xxx.o(.text)
    DMA2_Stream6_IRQHandler                  0x080004a7   Thumb Code     0  startup_stm32f40_41xxx.o(.text)
    DMA2_Stream7_IRQHandler                  0x080004a7   Thumb Code     0  startup_stm32f40_41xxx.o(.text)
    ETH_IRQHandler                           0x080004a7   Thumb Code     0  startup_stm32f40_41xxx.o(.text)
    ETH_WKUP_IRQHandler                      0x080004a7   Thumb Code     0  startup_stm32f40_41xxx.o(.text)
    EXTI0_IRQHandler                         0x080004a7   Thumb Code     0  startup_stm32f40_41xxx.o(.text)
    EXTI15_10_IRQHandler                     0x080004a7   Thumb Code     0  startup_stm32f40_41xxx.o(.text)
    EXTI1_IRQHandler                         0x080004a7   Thumb Code     0  startup_stm32f40_41xxx.o(.text)
    EXTI2_IRQHandler                         0x080004a7   Thumb Code     0  startup_stm32f40_41xxx.o(.text)
    EXTI3_IRQHandler                         0x080004a7   Thumb Code     0  startup_stm32f40_41xxx.o(.text)
    EXTI4_IRQHandler                         0x080004a7   Thumb Code     0  startup_stm32f40_41xxx.o(.text)
    EXTI9_5_IRQHandler                       0x080004a7   Thumb Code     0  startup_stm32f40_41xxx.o(.text)
    FLASH_IRQHandler                         0x080004a7   Thumb Code     0  startup_stm32f40_41xxx.o(.text)
    FPU_IRQHandler                           0x080004a7   Thumb Code     0  startup_stm32f40_41xxx.o(.text)
    FSMC_IRQHandler                          0x080004a7   Thumb Code     0  startup_stm32f40_41xxx.o(.text)
    HASH_RNG_IRQHandler                      0x080004a7   Thumb Code     0  startup_stm32f40_41xxx.o(.text)
    I2C1_ER_IRQHandler                       0x080004a7   Thumb Code     0  startup_stm32f40_41xxx.o(.text)
    I2C1_EV_IRQHandler                       0x080004a7   Thumb Code     0  startup_stm32f40_41xxx.o(.text)
    I2C2_ER_IRQHandler                       0x080004a7   Thumb Code     0  startup_stm32f40_41xxx.o(.text)
    I2C2_EV_IRQHandler                       0x080004a7   Thumb Code     0  startup_stm32f40_41xxx.o(.text)
    I2C3_ER_IRQHandler                       0x080004a7   Thumb Code     0  startup_stm32f40_41xxx.o(.text)
    I2C3_EV_IRQHandler                       0x080004a7   Thumb Code     0  startup_stm32f40_41xxx.o(.text)
    OTG_FS_IRQHandler                        0x080004a7   Thumb Code     0  startup_stm32f40_41xxx.o(.text)
    OTG_FS_WKUP_IRQHandler                   0x080004a7   Thumb Code     0  startup_stm32f40_41xxx.o(.text)
    OTG_HS_EP1_IN_IRQHandler                 0x080004a7   Thumb Code     0  startup_stm32f40_41xxx.o(.text)
    OTG_HS_EP1_OUT_IRQHandler                0x080004a7   Thumb Code     0  startup_stm32f40_41xxx.o(.text)
    OTG_HS_IRQHandler                        0x080004a7   Thumb Code     0  startup_stm32f40_41xxx.o(.text)
    OTG_HS_WKUP_IRQHandler                   0x080004a7   Thumb Code     0  startup_stm32f40_41xxx.o(.text)
    PVD_IRQHandler                           0x080004a7   Thumb Code     0  startup_stm32f40_41xxx.o(.text)
    RCC_IRQHandler                           0x080004a7   Thumb Code     0  startup_stm32f40_41xxx.o(.text)
    RTC_Alarm_IRQHandler                     0x080004a7   Thumb Code     0  startup_stm32f40_41xxx.o(.text)
    RTC_WKUP_IRQHandler                      0x080004a7   Thumb Code     0  startup_stm32f40_41xxx.o(.text)
    SDIO_IRQHandler                          0x080004a7   Thumb Code     0  startup_stm32f40_41xxx.o(.text)
    SPI1_IRQHandler                          0x080004a7   Thumb Code     0  startup_stm32f40_41xxx.o(.text)
    SPI2_IRQHandler                          0x080004a7   Thumb Code     0  startup_stm32f40_41xxx.o(.text)
    SPI3_IRQHandler                          0x080004a7   Thumb Code     0  startup_stm32f40_41xxx.o(.text)
    TAMP_STAMP_IRQHandler                    0x080004a7   Thumb Code     0  startup_stm32f40_41xxx.o(.text)
    TIM1_BRK_TIM9_IRQHandler                 0x080004a7   Thumb Code     0  startup_stm32f40_41xxx.o(.text)
    TIM1_CC_IRQHandler                       0x080004a7   Thumb Code     0  startup_stm32f40_41xxx.o(.text)
    TIM1_TRG_COM_TIM11_IRQHandler            0x080004a7   Thumb Code     0  startup_stm32f40_41xxx.o(.text)
    TIM1_UP_TIM10_IRQHandler                 0x080004a7   Thumb Code     0  startup_stm32f40_41xxx.o(.text)
    TIM2_IRQHandler                          0x080004a7   Thumb Code     0  startup_stm32f40_41xxx.o(.text)
    TIM3_IRQHandler                          0x080004a7   Thumb Code     0  startup_stm32f40_41xxx.o(.text)
    TIM5_IRQHandler                          0x080004a7   Thumb Code     0  startup_stm32f40_41xxx.o(.text)
    TIM6_DAC_IRQHandler                      0x080004a7   Thumb Code     0  startup_stm32f40_41xxx.o(.text)
    TIM7_IRQHandler                          0x080004a7   Thumb Code     0  startup_stm32f40_41xxx.o(.text)
    TIM8_BRK_TIM12_IRQHandler                0x080004a7   Thumb Code     0  startup_stm32f40_41xxx.o(.text)
    TIM8_CC_IRQHandler                       0x080004a7   Thumb Code     0  startup_stm32f40_41xxx.o(.text)
    TIM8_TRG_COM_TIM14_IRQHandler            0x080004a7   Thumb Code     0  startup_stm32f40_41xxx.o(.text)
    TIM8_UP_TIM13_IRQHandler                 0x080004a7   Thumb Code     0  startup_stm32f40_41xxx.o(.text)
    UART4_IRQHandler                         0x080004a7   Thumb Code     0  startup_stm32f40_41xxx.o(.text)
    UART5_IRQHandler                         0x080004a7   Thumb Code     0  startup_stm32f40_41xxx.o(.text)
    USART2_IRQHandler                        0x080004a7   Thumb Code     0  startup_stm32f40_41xxx.o(.text)
    USART3_IRQHandler                        0x080004a7   Thumb Code     0  startup_stm32f40_41xxx.o(.text)
    USART6_IRQHandler                        0x080004a7   Thumb Code     0  startup_stm32f40_41xxx.o(.text)
    WWDG_IRQHandler                          0x080004a7   Thumb Code     0  startup_stm32f40_41xxx.o(.text)
    NVIC_PriorityGroupConfig                 0x080004b1   Thumb Code    10  misc.o(.text)
    NVIC_Init                                0x080004bb   Thumb Code   106  misc.o(.text)
    NVIC_SetVectorTable                      0x08000525   Thumb Code    14  misc.o(.text)
    NVIC_SystemLPConfig                      0x08000533   Thumb Code    34  misc.o(.text)
    SysTick_CLKSourceConfig                  0x08000555   Thumb Code    40  misc.o(.text)
    CAN_DeInit                               0x08000591   Thumb Code    50  stm32f4xx_can.o(.text)
    CAN_Init                                 0x080005c3   Thumb Code   276  stm32f4xx_can.o(.text)
    CAN_FilterInit                           0x080006d7   Thumb Code   258  stm32f4xx_can.o(.text)
    CAN_StructInit                           0x080007d9   Thumb Code    32  stm32f4xx_can.o(.text)
    CAN_SlaveStartBank                       0x080007f9   Thumb Code    48  stm32f4xx_can.o(.text)
    CAN_DBGFreeze                            0x08000829   Thumb Code    22  stm32f4xx_can.o(.text)
    CAN_TTComModeCmd                         0x0800083f   Thumb Code   118  stm32f4xx_can.o(.text)
    CAN_Transmit                             0x080008b5   Thumb Code   304  stm32f4xx_can.o(.text)
    CAN_TransmitStatus                       0x080009e5   Thumb Code   138  stm32f4xx_can.o(.text)
    CAN_CancelTransmit                       0x08000a6f   Thumb Code    48  stm32f4xx_can.o(.text)
    CAN_Receive                              0x08000a9f   Thumb Code   240  stm32f4xx_can.o(.text)
    CAN_FIFORelease                          0x08000b8f   Thumb Code    22  stm32f4xx_can.o(.text)
    CAN_MessagePending                       0x08000ba5   Thumb Code    30  stm32f4xx_can.o(.text)
    CAN_OperatingModeRequest                 0x08000bc3   Thumb Code   162  stm32f4xx_can.o(.text)
    CAN_Sleep                                0x08000c65   Thumb Code    30  stm32f4xx_can.o(.text)
    CAN_WakeUp                               0x08000c83   Thumb Code    48  stm32f4xx_can.o(.text)
    CAN_GetLastErrorCode                     0x08000cb3   Thumb Code    12  stm32f4xx_can.o(.text)
    CAN_GetReceiveErrorCounter               0x08000cbf   Thumb Code    10  stm32f4xx_can.o(.text)
    CAN_GetLSBTransmitErrorCounter           0x08000cc9   Thumb Code    12  stm32f4xx_can.o(.text)
    CAN_ITConfig                             0x08000cd5   Thumb Code    18  stm32f4xx_can.o(.text)
    CAN_GetFlagStatus                        0x08000ce7   Thumb Code   120  stm32f4xx_can.o(.text)
    CAN_ClearFlag                            0x08000d5f   Thumb Code    52  stm32f4xx_can.o(.text)
    CAN_GetITStatus                          0x08000da5   Thumb Code   310  stm32f4xx_can.o(.text)
    CAN_ClearITPendingBit                    0x08000edb   Thumb Code   162  stm32f4xx_can.o(.text)
    DMA_DeInit                               0x08000f81   Thumb Code   324  stm32f4xx_dma.o(.text)
    DMA_Init                                 0x080010c5   Thumb Code    82  stm32f4xx_dma.o(.text)
    DMA_StructInit                           0x08001117   Thumb Code    34  stm32f4xx_dma.o(.text)
    DMA_Cmd                                  0x08001139   Thumb Code    22  stm32f4xx_dma.o(.text)
    DMA_PeriphIncOffsetSizeConfig            0x0800114f   Thumb Code    22  stm32f4xx_dma.o(.text)
    DMA_FlowControllerConfig                 0x08001165   Thumb Code    22  stm32f4xx_dma.o(.text)
    DMA_SetCurrDataCounter                   0x0800117b   Thumb Code     4  stm32f4xx_dma.o(.text)
    DMA_GetCurrDataCounter                   0x0800117f   Thumb Code     8  stm32f4xx_dma.o(.text)
    DMA_DoubleBufferModeConfig               0x08001187   Thumb Code    24  stm32f4xx_dma.o(.text)
    DMA_DoubleBufferModeCmd                  0x0800119f   Thumb Code    22  stm32f4xx_dma.o(.text)
    DMA_MemoryTargetConfig                   0x080011b5   Thumb Code    10  stm32f4xx_dma.o(.text)
    DMA_GetCurrentMemoryTarget               0x080011bf   Thumb Code    20  stm32f4xx_dma.o(.text)
    DMA_GetCmdStatus                         0x080011d3   Thumb Code    20  stm32f4xx_dma.o(.text)
    DMA_GetFIFOStatus                        0x080011e7   Thumb Code    12  stm32f4xx_dma.o(.text)
    DMA_GetFlagStatus                        0x080011f3   Thumb Code    56  stm32f4xx_dma.o(.text)
    DMA_ClearFlag                            0x0800122b   Thumb Code    40  stm32f4xx_dma.o(.text)
    DMA_ITConfig                             0x08001253   Thumb Code    58  stm32f4xx_dma.o(.text)
    DMA_GetITStatus                          0x0800128d   Thumb Code    84  stm32f4xx_dma.o(.text)
    DMA_ClearITPendingBit                    0x080012e1   Thumb Code    40  stm32f4xx_dma.o(.text)
    GPIO_DeInit                              0x08001329   Thumb Code   268  stm32f4xx_gpio.o(.text)
    GPIO_Init                                0x08001435   Thumb Code   144  stm32f4xx_gpio.o(.text)
    GPIO_StructInit                          0x080014c5   Thumb Code    18  stm32f4xx_gpio.o(.text)
    GPIO_PinLockConfig                       0x080014d7   Thumb Code    34  stm32f4xx_gpio.o(.text)
    GPIO_ReadInputDataBit                    0x080014f9   Thumb Code    18  stm32f4xx_gpio.o(.text)
    GPIO_ReadInputData                       0x0800150b   Thumb Code     8  stm32f4xx_gpio.o(.text)
    GPIO_ReadOutputDataBit                   0x08001513   Thumb Code    18  stm32f4xx_gpio.o(.text)
    GPIO_ReadOutputData                      0x08001525   Thumb Code     8  stm32f4xx_gpio.o(.text)
    GPIO_SetBits                             0x0800152d   Thumb Code     4  stm32f4xx_gpio.o(.text)
    GPIO_ResetBits                           0x08001531   Thumb Code     4  stm32f4xx_gpio.o(.text)
    GPIO_WriteBit                            0x08001535   Thumb Code    10  stm32f4xx_gpio.o(.text)
    GPIO_Write                               0x0800153f   Thumb Code     4  stm32f4xx_gpio.o(.text)
    GPIO_ToggleBits                          0x08001543   Thumb Code     8  stm32f4xx_gpio.o(.text)
    GPIO_PinAFConfig                         0x0800154b   Thumb Code    70  stm32f4xx_gpio.o(.text)
    RCC_DeInit                               0x080015bd   Thumb Code    82  stm32f4xx_rcc.o(.text)
    RCC_HSEConfig                            0x0800160f   Thumb Code    14  stm32f4xx_rcc.o(.text)
    RCC_GetFlagStatus                        0x0800161d   Thumb Code    60  stm32f4xx_rcc.o(.text)
    RCC_WaitForHSEStartUp                    0x08001659   Thumb Code    56  stm32f4xx_rcc.o(.text)
    RCC_AdjustHSICalibrationValue            0x08001691   Thumb Code    20  stm32f4xx_rcc.o(.text)
    RCC_HSICmd                               0x080016a5   Thumb Code     6  stm32f4xx_rcc.o(.text)
    RCC_LSEConfig                            0x080016ab   Thumb Code    46  stm32f4xx_rcc.o(.text)
    RCC_LSICmd                               0x080016d9   Thumb Code     6  stm32f4xx_rcc.o(.text)
    RCC_PLLConfig                            0x080016df   Thumb Code    32  stm32f4xx_rcc.o(.text)
    RCC_PLLCmd                               0x080016ff   Thumb Code     6  stm32f4xx_rcc.o(.text)
    RCC_PLLI2SConfig                         0x08001705   Thumb Code    14  stm32f4xx_rcc.o(.text)
    RCC_PLLI2SCmd                            0x08001713   Thumb Code     6  stm32f4xx_rcc.o(.text)
    RCC_PLLSAIConfig                         0x08001719   Thumb Code    20  stm32f4xx_rcc.o(.text)
    RCC_PLLSAICmd                            0x0800172d   Thumb Code     6  stm32f4xx_rcc.o(.text)
    RCC_ClockSecuritySystemCmd               0x08001733   Thumb Code     6  stm32f4xx_rcc.o(.text)
    RCC_MCO1Config                           0x08001739   Thumb Code    28  stm32f4xx_rcc.o(.text)
    RCC_MCO2Config                           0x08001755   Thumb Code    28  stm32f4xx_rcc.o(.text)
    RCC_SYSCLKConfig                         0x08001771   Thumb Code    20  stm32f4xx_rcc.o(.text)
    RCC_GetSYSCLKSource                      0x08001785   Thumb Code    12  stm32f4xx_rcc.o(.text)
    RCC_HCLKConfig                           0x08001791   Thumb Code    20  stm32f4xx_rcc.o(.text)
    RCC_PCLK1Config                          0x080017a5   Thumb Code    20  stm32f4xx_rcc.o(.text)
    RCC_PCLK2Config                          0x080017b9   Thumb Code    22  stm32f4xx_rcc.o(.text)
    RCC_GetClocksFreq                        0x080017cf   Thumb Code   222  stm32f4xx_rcc.o(.text)
    RCC_RTCCLKConfig                         0x080018ad   Thumb Code    54  stm32f4xx_rcc.o(.text)
    RCC_RTCCLKCmd                            0x080018e3   Thumb Code     8  stm32f4xx_rcc.o(.text)
    RCC_BackupResetCmd                       0x080018eb   Thumb Code     8  stm32f4xx_rcc.o(.text)
    RCC_I2SCLKConfig                         0x080018f3   Thumb Code     6  stm32f4xx_rcc.o(.text)
    RCC_SAIPLLI2SClkDivConfig                0x080018f9   Thumb Code    26  stm32f4xx_rcc.o(.text)
    RCC_SAIPLLSAIClkDivConfig                0x08001913   Thumb Code    28  stm32f4xx_rcc.o(.text)
    RCC_SAIBlockACLKConfig                   0x0800192f   Thumb Code    20  stm32f4xx_rcc.o(.text)
    RCC_SAIBlockBCLKConfig                   0x08001943   Thumb Code    20  stm32f4xx_rcc.o(.text)
    RCC_LTDCCLKDivConfig                     0x08001957   Thumb Code    20  stm32f4xx_rcc.o(.text)
    RCC_TIMCLKPresConfig                     0x0800196b   Thumb Code     6  stm32f4xx_rcc.o(.text)
    RCC_AHB1PeriphClockCmd                   0x08001971   Thumb Code    34  stm32f4xx_rcc.o(.text)
    RCC_AHB2PeriphClockCmd                   0x08001993   Thumb Code    78  stm32f4xx_rcc.o(.text)
    RCC_AHB3PeriphClockCmd                   0x080019e1   Thumb Code    34  stm32f4xx_rcc.o(.text)
    RCC_APB1PeriphClockCmd                   0x08001a03   Thumb Code    34  stm32f4xx_rcc.o(.text)
    RCC_APB2PeriphClockCmd                   0x08001a25   Thumb Code    34  stm32f4xx_rcc.o(.text)
    RCC_AHB1PeriphResetCmd                   0x08001a47   Thumb Code    34  stm32f4xx_rcc.o(.text)
    RCC_AHB2PeriphResetCmd                   0x08001a69   Thumb Code    34  stm32f4xx_rcc.o(.text)
    RCC_AHB3PeriphResetCmd                   0x08001a8b   Thumb Code    34  stm32f4xx_rcc.o(.text)
    RCC_APB1PeriphResetCmd                   0x08001aad   Thumb Code    34  stm32f4xx_rcc.o(.text)
    RCC_APB2PeriphResetCmd                   0x08001acf   Thumb Code    34  stm32f4xx_rcc.o(.text)
    RCC_AHB1PeriphClockLPModeCmd             0x08001af1   Thumb Code    34  stm32f4xx_rcc.o(.text)
    RCC_AHB2PeriphClockLPModeCmd             0x08001b13   Thumb Code    34  stm32f4xx_rcc.o(.text)
    RCC_AHB3PeriphClockLPModeCmd             0x08001b35   Thumb Code    34  stm32f4xx_rcc.o(.text)
    RCC_APB1PeriphClockLPModeCmd             0x08001b57   Thumb Code    34  stm32f4xx_rcc.o(.text)
    RCC_APB2PeriphClockLPModeCmd             0x08001b79   Thumb Code    34  stm32f4xx_rcc.o(.text)
    RCC_LSEModeConfig                        0x08001b9b   Thumb Code    40  stm32f4xx_rcc.o(.text)
    RCC_ITConfig                             0x08001bc3   Thumb Code    34  stm32f4xx_rcc.o(.text)
    RCC_ClearFlag                            0x08001be5   Thumb Code    18  stm32f4xx_rcc.o(.text)
    RCC_GetITStatus                          0x08001bf7   Thumb Code    22  stm32f4xx_rcc.o(.text)
    RCC_ClearITPendingBit                    0x08001c0d   Thumb Code     8  stm32f4xx_rcc.o(.text)
    TIM_DeInit                               0x08001c19   Thumb Code   346  stm32f4xx_tim.o(.text)
    TIM_TimeBaseInit                         0x08001d73   Thumb Code   104  stm32f4xx_tim.o(.text)
    TIM_TimeBaseStructInit                   0x08001ddb   Thumb Code    18  stm32f4xx_tim.o(.text)
    TIM_PrescalerConfig                      0x08001ded   Thumb Code     6  stm32f4xx_tim.o(.text)
    TIM_CounterModeConfig                    0x08001df3   Thumb Code    18  stm32f4xx_tim.o(.text)
    TIM_SetCounter                           0x08001e05   Thumb Code     4  stm32f4xx_tim.o(.text)
    TIM_SetAutoreload                        0x08001e09   Thumb Code     4  stm32f4xx_tim.o(.text)
    TIM_GetCounter                           0x08001e0d   Thumb Code     6  stm32f4xx_tim.o(.text)
    TIM_GetPrescaler                         0x08001e13   Thumb Code     6  stm32f4xx_tim.o(.text)
    TIM_UpdateDisableConfig                  0x08001e19   Thumb Code    24  stm32f4xx_tim.o(.text)
    TIM_UpdateRequestConfig                  0x08001e31   Thumb Code    24  stm32f4xx_tim.o(.text)
    TIM_ARRPreloadConfig                     0x08001e49   Thumb Code    24  stm32f4xx_tim.o(.text)
    TIM_SelectOnePulseMode                   0x08001e61   Thumb Code    18  stm32f4xx_tim.o(.text)
    TIM_SetClockDivision                     0x08001e73   Thumb Code    18  stm32f4xx_tim.o(.text)
    TIM_Cmd                                  0x08001e85   Thumb Code    24  stm32f4xx_tim.o(.text)
    TIM_OC1Init                              0x08001e9d   Thumb Code   114  stm32f4xx_tim.o(.text)
    TIM_OC2Init                              0x08001f0f   Thumb Code   154  stm32f4xx_tim.o(.text)
    TIM_OC3Init                              0x08001fa9   Thumb Code   204  stm32f4xx_tim.o(.text)
    TIM_OC4Init                              0x08002075   Thumb Code   112  stm32f4xx_tim.o(.text)
    TIM_OCStructInit                         0x080020e5   Thumb Code    20  stm32f4xx_tim.o(.text)
    TIM_SelectOCxM                           0x080020f9   Thumb Code    86  stm32f4xx_tim.o(.text)
    TIM_SetCompare1                          0x0800214f   Thumb Code     4  stm32f4xx_tim.o(.text)
    TIM_SetCompare2                          0x08002153   Thumb Code     4  stm32f4xx_tim.o(.text)
    TIM_SetCompare3                          0x08002157   Thumb Code     4  stm32f4xx_tim.o(.text)
    TIM_SetCompare4                          0x0800215b   Thumb Code     4  stm32f4xx_tim.o(.text)
    TIM_ForcedOC1Config                      0x0800215f   Thumb Code    18  stm32f4xx_tim.o(.text)
    TIM_ForcedOC2Config                      0x08002171   Thumb Code    26  stm32f4xx_tim.o(.text)
    TIM_ForcedOC3Config                      0x0800218b   Thumb Code    18  stm32f4xx_tim.o(.text)
    TIM_ForcedOC4Config                      0x0800219d   Thumb Code    26  stm32f4xx_tim.o(.text)
    TIM_OC1PreloadConfig                     0x080021b7   Thumb Code    18  stm32f4xx_tim.o(.text)
    TIM_OC2PreloadConfig                     0x080021c9   Thumb Code    26  stm32f4xx_tim.o(.text)
    TIM_OC3PreloadConfig                     0x080021e3   Thumb Code    18  stm32f4xx_tim.o(.text)
    TIM_OC4PreloadConfig                     0x080021f5   Thumb Code    26  stm32f4xx_tim.o(.text)
    TIM_OC1FastConfig                        0x0800220f   Thumb Code    18  stm32f4xx_tim.o(.text)
    TIM_OC2FastConfig                        0x08002221   Thumb Code    26  stm32f4xx_tim.o(.text)
    TIM_OC3FastConfig                        0x0800223b   Thumb Code    18  stm32f4xx_tim.o(.text)
    TIM_OC4FastConfig                        0x0800224d   Thumb Code    26  stm32f4xx_tim.o(.text)
    TIM_ClearOC1Ref                          0x08002267   Thumb Code    18  stm32f4xx_tim.o(.text)
    TIM_ClearOC2Ref                          0x08002279   Thumb Code    24  stm32f4xx_tim.o(.text)
    TIM_ClearOC3Ref                          0x08002291   Thumb Code    18  stm32f4xx_tim.o(.text)
    TIM_ClearOC4Ref                          0x080022a3   Thumb Code    24  stm32f4xx_tim.o(.text)
    TIM_OC1PolarityConfig                    0x080022bb   Thumb Code    18  stm32f4xx_tim.o(.text)
    TIM_OC1NPolarityConfig                   0x080022cd   Thumb Code    18  stm32f4xx_tim.o(.text)
    TIM_OC2PolarityConfig                    0x080022df   Thumb Code    26  stm32f4xx_tim.o(.text)
    TIM_OC2NPolarityConfig                   0x080022f9   Thumb Code    26  stm32f4xx_tim.o(.text)
    TIM_OC3PolarityConfig                    0x08002313   Thumb Code    26  stm32f4xx_tim.o(.text)
    TIM_OC3NPolarityConfig                   0x0800232d   Thumb Code    26  stm32f4xx_tim.o(.text)
    TIM_OC4PolarityConfig                    0x08002347   Thumb Code    26  stm32f4xx_tim.o(.text)
    TIM_CCxCmd                               0x08002361   Thumb Code    30  stm32f4xx_tim.o(.text)
    TIM_CCxNCmd                              0x0800237f   Thumb Code    30  stm32f4xx_tim.o(.text)
    TIM_SetIC4Prescaler                      0x0800239d   Thumb Code    26  stm32f4xx_tim.o(.text)
    TIM_SetIC3Prescaler                      0x08002407   Thumb Code    18  stm32f4xx_tim.o(.text)
    TIM_SetIC2Prescaler                      0x08002461   Thumb Code    26  stm32f4xx_tim.o(.text)
    TIM_SetIC1Prescaler                      0x080024d5   Thumb Code    18  stm32f4xx_tim.o(.text)
    TIM_ICInit                               0x08002521   Thumb Code   110  stm32f4xx_tim.o(.text)
    TIM_ICStructInit                         0x0800258f   Thumb Code    18  stm32f4xx_tim.o(.text)
    TIM_PWMIConfig                           0x080025a1   Thumb Code   124  stm32f4xx_tim.o(.text)
    TIM_GetCapture1                          0x0800261d   Thumb Code     6  stm32f4xx_tim.o(.text)
    TIM_GetCapture2                          0x08002623   Thumb Code     6  stm32f4xx_tim.o(.text)
    TIM_GetCapture3                          0x08002629   Thumb Code     6  stm32f4xx_tim.o(.text)
    TIM_GetCapture4                          0x0800262f   Thumb Code     6  stm32f4xx_tim.o(.text)
    TIM_BDTRConfig                           0x08002635   Thumb Code    32  stm32f4xx_tim.o(.text)
    TIM_BDTRStructInit                       0x08002655   Thumb Code    18  stm32f4xx_tim.o(.text)
    TIM_CtrlPWMOutputs                       0x08002667   Thumb Code    30  stm32f4xx_tim.o(.text)
    TIM_SelectCOM                            0x08002685   Thumb Code    24  stm32f4xx_tim.o(.text)
    TIM_CCPreloadControl                     0x0800269d   Thumb Code    24  stm32f4xx_tim.o(.text)
    TIM_ITConfig                             0x080026b5   Thumb Code    18  stm32f4xx_tim.o(.text)
    TIM_GenerateEvent                        0x080026c7   Thumb Code     4  stm32f4xx_tim.o(.text)
    TIM_GetFlagStatus                        0x080026cb   Thumb Code    18  stm32f4xx_tim.o(.text)
    TIM_ClearFlag                            0x080026dd   Thumb Code     6  stm32f4xx_tim.o(.text)
    TIM_GetITStatus                          0x080026e3   Thumb Code    34  stm32f4xx_tim.o(.text)
    TIM_ClearITPendingBit                    0x08002705   Thumb Code     6  stm32f4xx_tim.o(.text)
    TIM_DMAConfig                            0x0800270b   Thumb Code    10  stm32f4xx_tim.o(.text)
    TIM_DMACmd                               0x08002715   Thumb Code    18  stm32f4xx_tim.o(.text)
    TIM_SelectCCDMA                          0x08002727   Thumb Code    24  stm32f4xx_tim.o(.text)
    TIM_InternalClockConfig                  0x0800273f   Thumb Code    12  stm32f4xx_tim.o(.text)
    TIM_SelectInputTrigger                   0x0800274b   Thumb Code    18  stm32f4xx_tim.o(.text)
    TIM_ITRxExternalClockConfig              0x0800275d   Thumb Code    24  stm32f4xx_tim.o(.text)
    TIM_TIxExternalClockConfig               0x08002775   Thumb Code    62  stm32f4xx_tim.o(.text)
    TIM_ETRConfig                            0x080027b3   Thumb Code    28  stm32f4xx_tim.o(.text)
    TIM_ETRClockMode1Config                  0x080027cf   Thumb Code    54  stm32f4xx_tim.o(.text)
    TIM_ETRClockMode2Config                  0x08002805   Thumb Code    32  stm32f4xx_tim.o(.text)
    TIM_SelectOutputTrigger                  0x08002825   Thumb Code    18  stm32f4xx_tim.o(.text)
    TIM_SelectSlaveMode                      0x08002837   Thumb Code    18  stm32f4xx_tim.o(.text)
    TIM_SelectMasterSlaveMode                0x08002849   Thumb Code    18  stm32f4xx_tim.o(.text)
    TIM_EncoderInterfaceConfig               0x0800285b   Thumb Code    66  stm32f4xx_tim.o(.text)
    TIM_SelectHallSensor                     0x0800289d   Thumb Code    24  stm32f4xx_tim.o(.text)
    TIM_RemapConfig                          0x080028b5   Thumb Code     6  stm32f4xx_tim.o(.text)
    USART_DeInit                             0x080028bd   Thumb Code   206  stm32f4xx_usart.o(.text)
    USART_Init                               0x0800298b   Thumb Code   204  stm32f4xx_usart.o(.text)
    USART_StructInit                         0x08002a57   Thumb Code    24  stm32f4xx_usart.o(.text)
    USART_ClockInit                          0x08002a6f   Thumb Code    32  stm32f4xx_usart.o(.text)
    USART_ClockStructInit                    0x08002a8f   Thumb Code    12  stm32f4xx_usart.o(.text)
    USART_Cmd                                0x08002a9b   Thumb Code    24  stm32f4xx_usart.o(.text)
    USART_SetPrescaler                       0x08002ab3   Thumb Code    16  stm32f4xx_usart.o(.text)
    USART_OverSampling8Cmd                   0x08002ac3   Thumb Code    22  stm32f4xx_usart.o(.text)
    USART_OneBitMethodCmd                    0x08002ad9   Thumb Code    24  stm32f4xx_usart.o(.text)
    USART_SendData                           0x08002af1   Thumb Code     8  stm32f4xx_usart.o(.text)
    USART_ReceiveData                        0x08002af9   Thumb Code    10  stm32f4xx_usart.o(.text)
    USART_SetAddress                         0x08002b03   Thumb Code    18  stm32f4xx_usart.o(.text)
    USART_ReceiverWakeUpCmd                  0x08002b15   Thumb Code    24  stm32f4xx_usart.o(.text)
    USART_WakeUpConfig                       0x08002b2d   Thumb Code    18  stm32f4xx_usart.o(.text)
    USART_LINBreakDetectLengthConfig         0x08002b3f   Thumb Code    18  stm32f4xx_usart.o(.text)
    USART_LINCmd                             0x08002b51   Thumb Code    24  stm32f4xx_usart.o(.text)
    USART_SendBreak                          0x08002b69   Thumb Code    10  stm32f4xx_usart.o(.text)
    USART_HalfDuplexCmd                      0x08002b73   Thumb Code    24  stm32f4xx_usart.o(.text)
    USART_SetGuardTime                       0x08002b8b   Thumb Code    16  stm32f4xx_usart.o(.text)
    USART_SmartCardCmd                       0x08002b9b   Thumb Code    24  stm32f4xx_usart.o(.text)
    USART_SmartCardNACKCmd                   0x08002bb3   Thumb Code    24  stm32f4xx_usart.o(.text)
    USART_IrDAConfig                         0x08002bcb   Thumb Code    18  stm32f4xx_usart.o(.text)
    USART_IrDACmd                            0x08002bdd   Thumb Code    24  stm32f4xx_usart.o(.text)
    USART_DMACmd                             0x08002bf5   Thumb Code    18  stm32f4xx_usart.o(.text)
    USART_ITConfig                           0x08002c07   Thumb Code    74  stm32f4xx_usart.o(.text)
    USART_GetFlagStatus                      0x08002c51   Thumb Code    26  stm32f4xx_usart.o(.text)
    USART_ClearFlag                          0x08002c6b   Thumb Code    18  stm32f4xx_usart.o(.text)
    USART_GetITStatus                        0x08002c7d   Thumb Code   118  stm32f4xx_usart.o(.text)
    USART_ClearITPendingBit                  0x08002cf3   Thumb Code    30  stm32f4xx_usart.o(.text)
    CAN_Config                               0x08002d11   Thumb Code   350  can.o(.text)
    trigger_F105_CurSend                     0x08002e6f   Thumb Code    76  can.o(.text)
    CAN_Set                                  0x08002ebb   Thumb Code   198  can.o(.text)
    CAN1_Receive0Task                        0x08002f81   Thumb Code    98  can.o(.text)
    CAN1_RX0_IRQHandler                      0x08002fe3   Thumb Code    48  can.o(.text)
    Can1Receive1                             0x08003013   Thumb Code    54  can.o(.text)
    CAN1_RX1_IRQHandler                      0x08003049   Thumb Code    48  can.o(.text)
    Get_CRC16_Check_Sum                      0x08003091   Thumb Code    46  crc_algorithm.o(.text)
    Verify_CRC16_Check_Sum                   0x080030bf   Thumb Code    60  crc_algorithm.o(.text)
    Append_CRC16_Check_Sum                   0x080030fb   Thumb Code    44  crc_algorithm.o(.text)
    Get_CRC8_Check_Sum                       0x08003127   Thumb Code    30  crc_algorithm.o(.text)
    Verify_CRC8_Check_Sum                    0x08003145   Thumb Code    46  crc_algorithm.o(.text)
    Append_CRC8_Check_Sum                    0x08003173   Thumb Code    36  crc_algorithm.o(.text)
    FrictionWheel_Config                     0x080031a5   Thumb Code   338  frictionwheel.o(.text)
    DMA2_Stream1_IRQHandler                  0x080032f7   Thumb Code    94  frictionwheel.o(.text)
    FrictionWheel_Set                        0x08003355   Thumb Code    28  frictionwheel.o(.text)
    BigFriction_Set                          0x08003371   Thumb Code   424  frictionwheel.o(.text)
    Friction_Set                             0x08003519   Thumb Code   120  frictionwheel.o(.text)
    Friction_Cal                             0x08003591   Thumb Code   160  frictionwheel.o(.text)
    Pid_BigFrictSpeed                        0x08003631   Thumb Code    84  frictionwheel.o(.text)
    PIDCalc                                  0x08003695   Thumb Code   176  pid.o(.text)
    TIM4_Config                              0x08003745   Thumb Code    90  tim4.o(.text)
    TIM4_IRQHandler                          0x0800379f   Thumb Code   392  tim4.o(.text)
    USART_Config                             0x08003949   Thumb Code   712  usart.o(.text)
    fputc                                    0x08003c11   Thumb Code    32  usart.o(.text)
    fgetc                                    0x08003c31   Thumb Code    26  usart.o(.text)
    RemoteReceive                            0x08003c4b   Thumb Code   490  usart.o(.text)
    USART1_IRQHandler                        0x08003e35   Thumb Code    76  usart.o(.text)
    RC_Rst                                   0x08003e81   Thumb Code    68  usart.o(.text)
    JudgeBuffReceive                         0x08003ec5   Thumb Code   390  usart.o(.text)
    DMA2_Stream2_IRQHandler                  0x0800404b   Thumb Code    46  usart.o(.text)
    Blocking_Detect                          0x080040c5   Thumb Code   328  trigger.o(.text)
    Trigger_PID                              0x0800420d   Thumb Code   234  trigger.o(.text)
    Trigger_Init                             0x080042f7   Thumb Code   160  trigger.o(.text)
    ZeroCheak                                0x080043e1   Thumb Code   202  zerocheck.o(.text)
    Putt_Init                                0x080044ad   Thumb Code    82  putt.o(.text)
    __aeabi_memcpy                           0x08004509   Thumb Code    36  memcpya.o(.text)
    __aeabi_memcpy4                          0x08004509   Thumb Code     0  memcpya.o(.text)
    __aeabi_memcpy8                          0x08004509   Thumb Code     0  memcpya.o(.text)
    __aeabi_dmul                             0x0800452d   Thumb Code   228  dmul.o(.text)
    __aeabi_d2iz                             0x08004611   Thumb Code    62  dfixi.o(.text)
    __aeabi_f2d                              0x0800464f   Thumb Code    38  f2d.o(.text)
    __aeabi_uidiv                            0x08004675   Thumb Code     0  uidiv.o(.text)
    __aeabi_uidivmod                         0x08004675   Thumb Code    44  uidiv.o(.text)
    __aeabi_uldivmod                         0x080046a1   Thumb Code    98  uldiv.o(.text)
    __aeabi_llsr                             0x08004703   Thumb Code    32  llushr.o(.text)
    _ll_ushift_r                             0x08004703   Thumb Code     0  llushr.o(.text)
    __I$use$fp                               0x08004723   Thumb Code     0  iusefp.o(.text)
    _double_round                            0x08004723   Thumb Code    30  depilogue.o(.text)
    _double_epilogue                         0x08004741   Thumb Code   156  depilogue.o(.text)
    __aeabi_dadd                             0x080047dd   Thumb Code   322  dadd.o(.text)
    __aeabi_dsub                             0x0800491f   Thumb Code     6  dadd.o(.text)
    __aeabi_drsub                            0x08004925   Thumb Code     6  dadd.o(.text)
    __aeabi_ddiv                             0x0800492b   Thumb Code   222  ddiv.o(.text)
    __aeabi_d2ulz                            0x08004a09   Thumb Code    48  dfixul.o(.text)
    __aeabi_cdrcmple                         0x08004a39   Thumb Code    48  cdrcmple.o(.text)
    __scatterload                            0x08004a69   Thumb Code    28  init.o(.text)
    __scatterload_rt2                        0x08004a69   Thumb Code     0  init.o(.text)
    __aeabi_llsl                             0x08004a8d   Thumb Code    30  llshl.o(.text)
    _ll_shift_l                              0x08004a8d   Thumb Code     0  llshl.o(.text)
    __aeabi_lasr                             0x08004aab   Thumb Code    36  llsshr.o(.text)
    _ll_sshift_r                             0x08004aab   Thumb Code     0  llsshr.o(.text)
    __0printf                                0x08004ad1   Thumb Code    22  printfa.o(i.__0printf)
    __1printf                                0x08004ad1   Thumb Code     0  printfa.o(i.__0printf)
    __2printf                                0x08004ad1   Thumb Code     0  printfa.o(i.__0printf)
    __c89printf                              0x08004ad1   Thumb Code     0  printfa.o(i.__0printf)
    printf                                   0x08004ad1   Thumb Code     0  printfa.o(i.__0printf)
    __scatterload_copy                       0x08004af1   Thumb Code    14  handlers.o(i.__scatterload_copy)
    __scatterload_null                       0x08004aff   Thumb Code     2  handlers.o(i.__scatterload_null)
    __scatterload_zeroinit                   0x08004b01   Thumb Code    14  handlers.o(i.__scatterload_zeroinit)
    wCRC_Table                               0x080053c2   Data         512  crc_algorithm.o(.constdata)
    CRC8_INIT                                0x080055c2   Data           1  crc_algorithm.o(.constdata)
    CRC8_TAB                                 0x080055c3   Data         256  crc_algorithm.o(.constdata)
    Region$$Table$$Base                      0x080056c4   Number         0  anon$$obj.o(Region$$Table)
    Region$$Table$$Limit                     0x080056e4   Number         0  anon$$obj.o(Region$$Table)
    SystemCoreClock                          0x20000000   Data           4  system_stm32f4xx.o(.data)
    AHBPrescTable                            0x20000004   Data          16  system_stm32f4xx.o(.data)
    CRC_INIT                                 0x20000024   Data           2  crc_algorithm.o(.data)
    SRC_Buffer                               0x20000028   Data         128  frictionwheel.o(.data)
    SF_current                               0x200000a8   Data           4  frictionwheel.o(.data)
    time1                                    0x200000ac   Data           4  frictionwheel.o(.data)
    BF_current                               0x200000b0   Data           4  frictionwheel.o(.data)
    time3                                    0x200000b4   Data           4  frictionwheel.o(.data)
    accelerator                              0x200000b8   Data           2  tim4.o(.data)
    _i                                       0x200000bc   Data           4  tim4.o(.data)
    BulletFre                                0x200000c0   Data           2  usart.o(.data)
    BulletSpeed                              0x200000c2   Data           2  usart.o(.data)
    Bullet                                   0x200000c4   Data           4  usart.o(.data)
    MicroPosition                            0x200000cc   Data           2  trigger.o(.data)
    __stdout                                 0x200000d8   Data           4  stdout.o(.data)
    rcc                                      0x200000dc   Data          16  main.o(.bss)
    BigFrict                                 0x200000ec   Data          12  frictionwheel.o(.bss)
    PidBigFrictSpeed                         0x200000f8   Data          88  frictionwheel.o(.bss)
    BIT                                      0x20000150   Data          16  tim4.o(.bss)
    sbus_rx_buffer                           0x20000160   Data          18  usart.o(.bss)
    JudgeReceiveBuffer                       0x20000172   Data          24  usart.o(.bss)
    JudgeSend                                0x2000018a   Data          22  usart.o(.bss)
    JudgeReceive                             0x200001a0   Data          56  usart.o(.bss)
    RC_Ctl                                   0x200001d8   Data          54  usart.o(.bss)
    jilu                                     0x20000210   Data        1600  usart.o(.bss)
    SaveBuffer                               0x20000850   Data          68  usart.o(.bss)
    heat                                     0x20000894   Data         512  usart.o(.bss)
    Trigger                                  0x20000a94   Data         128  trigger.o(.bss)
    idata                                    0x20000b14   Data          12  trigger.o(.bss)
    __initial_sp                             0x20000f20   Data           0  startup_stm32f40_41xxx.o(STACK)



==============================================================================

Memory Map of the image

  Image Entry point : 0x08000189

  Load Region LR_IROM1 (Base: 0x08000000, Size: 0x000057c0, Max: 0x00100000, ABSOLUTE)

    Execution Region ER_IROM1 (Exec base: 0x08000000, Load base: 0x08000000, Size: 0x000056e4, Max: 0x00100000, ABSOLUTE)

    Exec Addr    Load Addr    Size         Type   Attr      Idx    E Section Name        Object

    0x08000000   0x08000000   0x00000188   Data   RO          255    RESET               startup_stm32f40_41xxx.o
    0x08000188   0x08000188   0x00000000   Code   RO         1221  * .ARM.Collect$$$$00000000  mc_w.l(entry.o)
    0x08000188   0x08000188   0x00000004   Code   RO         1495    .ARM.Collect$$$$00000001  mc_w.l(entry2.o)
    0x0800018c   0x0800018c   0x00000004   Code   RO         1498    .ARM.Collect$$$$00000004  mc_w.l(entry5.o)
    0x08000190   0x08000190   0x00000000   Code   RO         1500    .ARM.Collect$$$$00000008  mc_w.l(entry7b.o)
    0x08000190   0x08000190   0x00000000   Code   RO         1502    .ARM.Collect$$$$0000000A  mc_w.l(entry8b.o)
    0x08000190   0x08000190   0x00000008   Code   RO         1503    .ARM.Collect$$$$0000000B  mc_w.l(entry9a.o)
    0x08000198   0x08000198   0x00000000   Code   RO         1505    .ARM.Collect$$$$0000000D  mc_w.l(entry10a.o)
    0x08000198   0x08000198   0x00000000   Code   RO         1507    .ARM.Collect$$$$0000000F  mc_w.l(entry11a.o)
    0x08000198   0x08000198   0x00000004   Code   RO         1496    .ARM.Collect$$$$00002712  mc_w.l(entry2.o)
    0x0800019c   0x0800019c   0x000000c8   Code   RO            3    .text               main.o
    0x08000264   0x08000264   0x00000018   Code   RO          180    .text               stm32f4xx_it.o
    0x0800027c   0x0800027c   0x00000210   Code   RO          229    .text               system_stm32f4xx.o
    0x0800048c   0x0800048c   0x00000024   Code   RO          256    .text               startup_stm32f40_41xxx.o
    0x080004b0   0x080004b0   0x000000e0   Code   RO          262    .text               misc.o
    0x08000590   0x08000590   0x000009f0   Code   RO          306    .text               stm32f4xx_can.o
    0x08000f80   0x08000f80   0x000003a8   Code   RO          509    .text               stm32f4xx_dma.o
    0x08001328   0x08001328   0x00000294   Code   RO          615    .text               stm32f4xx_gpio.o
    0x080015bc   0x080015bc   0x0000065c   Code   RO          778    .text               stm32f4xx_rcc.o
    0x08001c18   0x08001c18   0x00000ca2   Code   RO          923    .text               stm32f4xx_tim.o
    0x080028ba   0x080028ba   0x00000002   PAD
    0x080028bc   0x080028bc   0x00000454   Code   RO          943    .text               stm32f4xx_usart.o
    0x08002d10   0x08002d10   0x00000380   Code   RO          983    .text               can.o
    0x08003090   0x08003090   0x00000114   Code   RO         1007    .text               crc_algorithm.o
    0x080031a4   0x080031a4   0x000004f0   Code   RO         1031    .text               frictionwheel.o
    0x08003694   0x08003694   0x000000b0   Code   RO         1090    .text               pid.o
    0x08003744   0x08003744   0x00000204   Code   RO         1110    .text               tim4.o
    0x08003948   0x08003948   0x0000077c   Code   RO         1135    .text               usart.o
    0x080040c4   0x080040c4   0x0000031c   Code   RO         1159    .text               trigger.o
    0x080043e0   0x080043e0   0x000000ca   Code   RO         1183    .text               zerocheck.o
    0x080044aa   0x080044aa   0x00000002   PAD
    0x080044ac   0x080044ac   0x0000005c   Code   RO         1203    .text               putt.o
    0x08004508   0x08004508   0x00000024   Code   RO         1224    .text               mc_w.l(memcpya.o)
    0x0800452c   0x0800452c   0x000000e4   Code   RO         1489    .text               mf_w.l(dmul.o)
    0x08004610   0x08004610   0x0000003e   Code   RO         1491    .text               mf_w.l(dfixi.o)
    0x0800464e   0x0800464e   0x00000026   Code   RO         1493    .text               mf_w.l(f2d.o)
    0x08004674   0x08004674   0x0000002c   Code   RO         1510    .text               mc_w.l(uidiv.o)
    0x080046a0   0x080046a0   0x00000062   Code   RO         1512    .text               mc_w.l(uldiv.o)
    0x08004702   0x08004702   0x00000020   Code   RO         1514    .text               mc_w.l(llushr.o)
    0x08004722   0x08004722   0x00000000   Code   RO         1516    .text               mc_w.l(iusefp.o)
    0x08004722   0x08004722   0x000000ba   Code   RO         1517    .text               mf_w.l(depilogue.o)
    0x080047dc   0x080047dc   0x0000014e   Code   RO         1519    .text               mf_w.l(dadd.o)
    0x0800492a   0x0800492a   0x000000de   Code   RO         1521    .text               mf_w.l(ddiv.o)
    0x08004a08   0x08004a08   0x00000030   Code   RO         1523    .text               mf_w.l(dfixul.o)
    0x08004a38   0x08004a38   0x00000030   Code   RO         1525    .text               mf_w.l(cdrcmple.o)
    0x08004a68   0x08004a68   0x00000024   Code   RO         1527    .text               mc_w.l(init.o)
    0x08004a8c   0x08004a8c   0x0000001e   Code   RO         1529    .text               mc_w.l(llshl.o)
    0x08004aaa   0x08004aaa   0x00000024   Code   RO         1531    .text               mc_w.l(llsshr.o)
    0x08004ace   0x08004ace   0x00000002   PAD
    0x08004ad0   0x08004ad0   0x00000020   Code   RO         1461    i.__0printf         mc_w.l(printfa.o)
    0x08004af0   0x08004af0   0x0000000e   Code   RO         1535    i.__scatterload_copy  mc_w.l(handlers.o)
    0x08004afe   0x08004afe   0x00000002   Code   RO         1536    i.__scatterload_null  mc_w.l(handlers.o)
    0x08004b00   0x08004b00   0x0000000e   Code   RO         1537    i.__scatterload_zeroinit  mc_w.l(handlers.o)
    0x08004b0e   0x08004b0e   0x00000002   PAD
    0x08004b10   0x08004b10   0x00000184   Code   RO         1468    i._fp_digits        mc_w.l(printfa.o)
    0x08004c94   0x08004c94   0x000006dc   Code   RO         1469    i._printf_core      mc_w.l(printfa.o)
    0x08005370   0x08005370   0x00000024   Code   RO         1470    i._printf_post_padding  mc_w.l(printfa.o)
    0x08005394   0x08005394   0x0000002e   Code   RO         1471    i._printf_pre_padding  mc_w.l(printfa.o)
    0x080053c2   0x080053c2   0x00000301   Data   RO         1008    .constdata          crc_algorithm.o
    0x080056c3   0x080056c3   0x00000001   PAD
    0x080056c4   0x080056c4   0x00000020   Data   RO         1533    Region$$Table       anon$$obj.o


    Execution Region RW_IRAM1 (Exec base: 0x20000000, Load base: 0x080056e4, Size: 0x00000f20, Max: 0x00020000, ABSOLUTE)

    Exec Addr    Load Addr    Size         Type   Attr      Idx    E Section Name        Object

    0x20000000   0x080056e4   0x00000014   Data   RW          230    .data               system_stm32f4xx.o
    0x20000014   0x080056f8   0x00000010   Data   RW          779    .data               stm32f4xx_rcc.o
    0x20000024   0x08005708   0x00000002   Data   RW         1009    .data               crc_algorithm.o
    0x20000026   0x0800570a   0x00000002   PAD
    0x20000028   0x0800570c   0x00000090   Data   RW         1033    .data               frictionwheel.o
    0x200000b8   0x0800579c   0x00000008   Data   RW         1112    .data               tim4.o
    0x200000c0   0x080057a4   0x0000000c   Data   RW         1137    .data               usart.o
    0x200000cc   0x080057b0   0x0000000c   Data   RW         1161    .data               trigger.o
    0x200000d8   0x080057bc   0x00000004   Data   RW         1509    .data               mc_w.l(stdout.o)
    0x200000dc        -       0x00000010   Zero   RW            4    .bss                main.o
    0x200000ec        -       0x00000064   Zero   RW         1032    .bss                frictionwheel.o
    0x20000150        -       0x00000010   Zero   RW         1111    .bss                tim4.o
    0x20000160        -       0x00000934   Zero   RW         1136    .bss                usart.o
    0x20000a94        -       0x0000008c   Zero   RW         1160    .bss                trigger.o
    0x20000b20        -       0x00000400   Zero   RW          253    STACK               startup_stm32f40_41xxx.o


==============================================================================

Image component sizes


      Code (inc. data)   RO Data    RW Data    ZI Data      Debug   Object Name

       896         24          0          0          0       2425   can.o
       276         14        769          2          0       3056   crc_algorithm.o
      1264         86          0        144        100       3015   frictionwheel.o
       200         22          0          0         16     334920   main.o
       224         20          0          0          0       1805   misc.o
       176          0          0          0          0        906   pid.o
        92         10          0          0          0        516   putt.o
        36          8        392          0       1024        816   startup_stm32f40_41xxx.o
      2544         38          0          0          0       8132   stm32f4xx_can.o
       936         32          0          0          0       6381   stm32f4xx_dma.o
       660         44          0          0          0       4145   stm32f4xx_gpio.o
        24          0          0          0          0       1118   stm32f4xx_it.o
      1628         52          0         16          0      13016   stm32f4xx_rcc.o
      3234         60          0          0          0      23000   stm32f4xx_tim.o
      1108         34          0          0          0       7868   stm32f4xx_usart.o
       528         46          0         20          0       1759   system_stm32f4xx.o
       516         34          0          8         16       1506   tim4.o
       796         74          0         12        140       1725   trigger.o
      1916        118          0         12       2356       4091   usart.o
       202          0          0          0          0        912   zerocheck.o

    ----------------------------------------------------------------------
     17260        716       1194        216       3652     421112   Object Totals
         0          0         32          0          0          0   (incl. Generated)
         4          0          1          2          0          0   (incl. Padding)

    ----------------------------------------------------------------------

      Code (inc. data)   RO Data    RW Data    ZI Data      Debug   Library Member Name

         0          0          0          0          0          0   entry.o
         0          0          0          0          0          0   entry10a.o
         0          0          0          0          0          0   entry11a.o
         8          4          0          0          0          0   entry2.o
         4          0          0          0          0          0   entry5.o
         0          0          0          0          0          0   entry7b.o
         0          0          0          0          0          0   entry8b.o
         8          4          0          0          0          0   entry9a.o
        30          0          0          0          0          0   handlers.o
        36          8          0          0          0         68   init.o
         0          0          0          0          0          0   iusefp.o
        30          0          0          0          0         68   llshl.o
        36          0          0          0          0         68   llsshr.o
        32          0          0          0          0         68   llushr.o
        36          0          0          0          0         68   memcpya.o
      2258         90          0          0          0        452   printfa.o
         0          0          0          4          0          0   stdout.o
        44          0          0          0          0         80   uidiv.o
        98          0          0          0          0         92   uldiv.o
        48          0          0          0          0         68   cdrcmple.o
       334          0          0          0          0        148   dadd.o
       222          0          0          0          0        100   ddiv.o
       186          0          0          0          0        176   depilogue.o
        62          0          0          0          0         80   dfixi.o
        48          0          0          0          0         68   dfixul.o
       228          0          0          0          0         96   dmul.o
        38          0          0          0          0         68   f2d.o

    ----------------------------------------------------------------------
      3790        106          0          4          0       1768   Library Totals
         4          0          0          0          0          0   (incl. Padding)

    ----------------------------------------------------------------------

      Code (inc. data)   RO Data    RW Data    ZI Data      Debug   Library Name

      2620        106          0          4          0        964   mc_w.l
      1166          0          0          0          0        804   mf_w.l

    ----------------------------------------------------------------------
      3790        106          0          4          0       1768   Library Totals

    ----------------------------------------------------------------------

==============================================================================


      Code (inc. data)   RO Data    RW Data    ZI Data      Debug   

     21050        822       1194        220       3652     418700   Grand Totals
     21050        822       1194        220       3652     418700   ELF Image Totals
     21050        822       1194        220          0          0   ROM Totals

==============================================================================

    Total RO  Size (Code + RO Data)                22244 (  21.72kB)
    Total RW  Size (RW Data + ZI Data)              3872 (   3.78kB)
    Total ROM Size (Code + RO Data + RW Data)      22464 (  21.94kB)

==============================================================================

